******************************************************************************
                  TI ARM Linker Unix v20.2.1                   
******************************************************************************
>> Linked Mon Mar 29 15:58:52 2021

OUTPUT FILE NAME:   <Embedded2Project.out>
ENTRY POINT SYMBOL: "_c_int00_noargs"  address: 000038dd


MEMORY CONFIGURATION

         name            origin    length      used     unused   attr    fill
----------------------  --------  ---------  --------  --------  ----  --------
  FLASH                 00000000   00040000  00003b69  0003c497  R  X
  SRAM                  20000000   00008000  00001004  00006ffc  RW X


SEGMENT ALLOCATION MAP

run origin  load origin   length   init length attrs members
----------  ----------- ---------- ----------- ----- -------
00000000    00000000    00003b70   00003b70    r-x
  00000000    00000000    0000026c   0000026c    r-- .intvecs
  0000026c    0000026c    000037e4   000037e4    r-x .text
  00003a50    00003a50    00000101   00000101    r-- .const
  00003b58    00003b58    00000018   00000018    r-- .cinit
20000000    20000000    00001004   00000000    rw-
  20000000    20000000    00001000   00000000    rw- .stack
  20001000    20001000    00000004   00000000    rw- .data


SECTION ALLOCATION MAP

 output                                  attributes/
section   page    origin      length       input sections
--------  ----  ----------  ----------   ----------------
.intvecs   0    00000000    0000026c     
                  00000000    0000026c     tm4c123gh6pm_startup_ccs.obj (.intvecs)

.text      0    0000026c    000037e4     
                  0000026c    00000a4e     rtsv7M4_T_le_v4SPD16_eabi.lib : _printfi.c.obj (.text:__TI_printfi)
                  00000cba    00000002                                   : div0.asm.obj (.text)
                  00000cbc    000007c0     gpio.obj (.text)
                  0000147c    00000654     main.obj (.text)
                  00001ad0    0000059c     uart0.obj (.text)
                  0000206c    00000598     measurements.obj (.text)
                  00002604    00000270     rtsv7M4_T_le_v4SPD16_eabi.lib : _printfi.c.obj (.text:_pconv_a)
                  00002874    000001d0                                   : _printfi.c.obj (.text:_pconv_g)
                  00002a44    000001b6                                   : fd_add_t2.asm.obj (.text)
                  00002bfa    00000002     --HOLE-- [fill = 0]
                  00002bfc    0000013c                                   : _printfi.c.obj (.text:_pconv_e)
                  00002d38    00000136                                   : fd_div_t2.asm.obj (.text)
                  00002e6e    00000002     --HOLE-- [fill = 0]
                  00002e70    00000124                                   : _printfi.c.obj (.text:fcvt)
                  00002f94    00000110                                   : s_scalbn.c.obj (.text:scalbn)
                  000030a4    000000fc                                   : fd_mul_t2.asm.obj (.text)
                  000031a0    000000b1                                   : _printfi.c.obj (.text:_ltostr)
                  00003251    00000001     --HOLE-- [fill = 0]
                  00003252    0000009c                                   : memcpy_t2.asm.obj (.text)
                  000032ee    00000096                                   : ull_div_t2.asm.obj (.text)
                  00003384    00000086                                   : fd_cmp_t2.asm.obj (.text:__aeabi_cdcmple)
                  0000340a    00000086                                   : fd_cmp_t2.asm.obj (.text:__aeabi_cdrcmple)
                  00003490    0000007a                                   : memset_t2.asm.obj (.text)
                  0000350a    0000006e                                   : _printfi.c.obj (.text:_mcpy)
                  00003578    00000068                                   : copy_decompress_lzss.c.obj (.text:decompress:lzss:__TI_decompress_lzss)
                  000035e0    00000064                                   : s_frexp.c.obj (.text:frexp)
                  00003644    00000056                                   : _printfi.c.obj (.text:_pconv_f)
                  0000369a    00000054                                   : _ltoa.c.obj (.text:__TI_ltoa)
                  000036ee    00000052                                   : _printfi.c.obj (.text:_ecpy)
                  00003740    0000004c                                   : atoi.c.obj (.text:atoi)
                  0000378c    00000048                                   : fd_toi_t2.asm.obj (.text)
                  000037d4    00000044                                   : autoinit.c.obj (.text:__TI_auto_init_nobinit_nopinit:__TI_auto_init_nobinit_nopinit)
                  00003818    00000044                                   : fd_tou_t2.asm.obj (.text)
                  0000385c    00000040                                   : sprintf.c.obj (.text:sprintf)
                  0000389c    0000003e                                   : _printfi.c.obj (.text:_fcpy)
                  000038da    00000002     --HOLE-- [fill = 0]
                  000038dc    00000034                                   : boot_cortex_m.c.obj (.text:_c_int00_noargs:_c_int00_noargs)
                  00003910    0000002e                                   : i_tofd_t2.asm.obj (.text)
                  0000393e    00000024     wait.obj (.text)
                  00003962    00000020     rtsv7M4_T_le_v4SPD16_eabi.lib : u_tofd_t2.asm.obj (.text)
                  00003982    0000001c                                   : memccpy.c.obj (.text:memccpy)
                  0000399e    0000001a                                   : s_copysign.c.obj (.text:copysign)
                  000039b8    00000018                                   : sprintf.c.obj (.text:_outs)
                  000039d0    00000016                                   : strchr.c.obj (.text:strchr)
                  000039e6    00000014                                   : strlen.c.obj (.text:strlen)
                  000039fa    00000012                                   : wcslen.c.obj (.text:wcslen)
                  00003a0c    00000010     clock.obj (.text)
                  00003a1c    0000000e     rtsv7M4_T_le_v4SPD16_eabi.lib : copy_decompress_none.c.obj (.text:decompress:none:__TI_decompress_none)
                  00003a2a    0000000c     tm4c123gh6pm_startup_ccs.obj (.text)
                  00003a36    0000000a     rtsv7M4_T_le_v4SPD16_eabi.lib : sprintf.c.obj (.text:_outc)
                  00003a40    00000008                                   : errno.c.obj (.text:__aeabi_errno_addr)
                  00003a48    00000004                                   : pre_init.c.obj (.text:_system_pre_init)
                  00003a4c    00000004                                   : exit.c.obj (.text:abort:abort)

.const     0    00003a50    00000101     
                  00003a50    00000101     rtsv7M4_T_le_v4SPD16_eabi.lib : ctype.c.obj (.const:.string:_ctypes_)

.cinit     0    00003b58    00000018     
                  00003b58    00000008     (__TI_handler_table)
                  00003b60    00000007     (.cinit..data.load) [load image, compression = lzss]
                  00003b67    00000001     --HOLE-- [fill = 0]
                  00003b68    00000008     (__TI_cinit_table)

.init_array 
*          0    00000000    00000000     UNINITIALIZED

.data      0    20001000    00000004     UNINITIALIZED
                  20001000    00000004     rtsv7M4_T_le_v4SPD16_eabi.lib : errno.c.obj (.data)

.stack     0    20000000    00001000     UNINITIALIZED
                  20000000    00000004     rtsv7M4_T_le_v4SPD16_eabi.lib : boot_cortex_m.c.obj (.stack)
                  20000004    00000ffc     --HOLE--

__llvm_prf_cnts 
*          0    20000000    00000000     UNINITIALIZED

MODULE SUMMARY

       Module                         code    ro data   rw data
       ------                         ----    -------   -------
    ./
       gpio.obj                       1984    0         0      
       main.obj                       1620    0         0      
       uart0.obj                      1436    0         0      
       measurements.obj               1432    0         0      
       tm4c123gh6pm_startup_ccs.obj   12      620       0      
       wait.obj                       36      0         0      
       clock.obj                      16      0         0      
    +--+------------------------------+-------+---------+---------+
       Total:                         6536    620       0      
                                                               
    /Applications/ti/ccs1010/ccs/tools/compiler/ti-cgt-arm_20.2.1.LTS/lib/rtsv7M4_T_le_v4SPD16_eabi.lib
       _printfi.c.obj                 4851    0         0      
       fd_add_t2.asm.obj              438     0         0      
       fd_div_t2.asm.obj              310     0         0      
       s_scalbn.c.obj                 272     0         0      
       fd_cmp_t2.asm.obj              268     0         0      
       ctype.c.obj                    0       257       0      
       fd_mul_t2.asm.obj              252     0         0      
       memcpy_t2.asm.obj              156     0         0      
       ull_div_t2.asm.obj             150     0         0      
       memset_t2.asm.obj              122     0         0      
       copy_decompress_lzss.c.obj     104     0         0      
       s_frexp.c.obj                  100     0         0      
       sprintf.c.obj                  98      0         0      
       _ltoa.c.obj                    84      0         0      
       atoi.c.obj                     76      0         0      
       fd_toi_t2.asm.obj              72      0         0      
       autoinit.c.obj                 68      0         0      
       fd_tou_t2.asm.obj              68      0         0      
       boot_cortex_m.c.obj            52      0         0      
       i_tofd_t2.asm.obj              46      0         0      
       u_tofd_t2.asm.obj              32      0         0      
       memccpy.c.obj                  28      0         0      
       s_copysign.c.obj               26      0         0      
       strchr.c.obj                   22      0         0      
       strlen.c.obj                   20      0         0      
       wcslen.c.obj                   18      0         0      
       copy_decompress_none.c.obj     14      0         0      
       errno.c.obj                    8       0         4      
       exit.c.obj                     4       0         0      
       pre_init.c.obj                 4       0         0      
       div0.asm.obj                   2       0         0      
    +--+------------------------------+-------+---------+---------+
       Total:                         7765    257       4      
                                                               
       Stack:                         0       0         4096   
       Linker Generated:              0       23        0      
    +--+------------------------------+-------+---------+---------+
       Grand Total:                   14301   900       4100   


LINKER GENERATED COPY TABLES

__TI_cinit_table @ 00003b68 records: 1, size/record: 8, table size: 8
	.data: load addr=00003b60, load size=00000007 bytes, run addr=20001000, run size=00000004 bytes, compression=lzss


LINKER GENERATED HANDLER TABLE

__TI_handler_table @ 00003b58 records: 2, size/record: 4, table size: 8
	index: 0, handler: __TI_decompress_lzss
	index: 1, handler: __TI_decompress_none


GLOBAL SYMBOLS: SORTED ALPHABETICALLY BY Name 

address   name                          
-------   ----                          
00001fc1  ATOI                          
00003a4d  C$$EXIT                       
00003a2b  ResetISR                      
20001000  __STACK_END                   
00001000  __STACK_SIZE                  
20000200  __STACK_TOP                   
00003b68  __TI_CINIT_Base               
00003b70  __TI_CINIT_Limit              
00003b58  __TI_Handler_Table_Base       
00003b60  __TI_Handler_Table_Limit      
000037d5  __TI_auto_init_nobinit_nopinit
00003579  __TI_decompress_lzss          
00003a1d  __TI_decompress_none          
0000369b  __TI_ltoa                     
ffffffff  __TI_pprof_out_hndl           
0000026d  __TI_printfi                  
ffffffff  __TI_prof_data_size           
ffffffff  __TI_prof_data_start          
00000000  __TI_static_base__            
00003385  __aeabi_cdcmpeq               
00003385  __aeabi_cdcmple               
0000340b  __aeabi_cdrcmple              
0000378d  __aeabi_d2iz                  
00003819  __aeabi_d2uiz                 
00002a4f  __aeabi_dadd                  
00002d39  __aeabi_ddiv                  
000030a5  __aeabi_dmul                  
00002a45  __aeabi_dsub                  
00003a41  __aeabi_errno_addr            
00003911  __aeabi_i2d                   
00000cbb  __aeabi_idiv0                 
00000cbb  __aeabi_ldiv0                 
00003491  __aeabi_memclr                
00003491  __aeabi_memclr4               
00003491  __aeabi_memclr8               
00003253  __aeabi_memcpy                
00003253  __aeabi_memcpy4               
00003253  __aeabi_memcpy8               
00003493  __aeabi_memset                
00003493  __aeabi_memset4               
00003493  __aeabi_memset8               
00003963  __aeabi_ui2d                  
000032ef  __aeabi_uldivmod              
ffffffff  __binit__                     
ffffffff  __c_args__                    
UNDEFED   __mpu_init                    
20000000  __stack                       
20000000  __start___llvm_prf_cnts       
20000000  __stop___llvm_prf_cnts        
000038dd  _c_int00_noargs               
00003a50  _ctypes_                      
UNDEFED   _system_post_cinit            
00003a49  _system_pre_init              
00003a4d  abort                         
00003741  atoi                          
ffffffff  binit                         
0000399f  copysign                      
0000399f  copysignl                     
000012ed  disablePinInterrupt           
00001025  disablePinPulldown            
00000fdd  disablePinPullup              
000022af  disablePins                   
00000d79  disablePort                   
000012c9  enablePinInterrupt            
00001001  enablePinPulldown             
00000faf  enablePinPullup               
00000cbd  enablePort                    
20001000  errno                         
000035e1  frexp                         
000035e1  frexpl                        
00000000  g_pfnVectors                  
00001e69  getFieldInteger               
00001dd9  getFieldString                
00001337  getPinValue                   
000013ed  getPortValue                  
00001bcd  getcUart0                     
00001be1  getsUart0                     
00001695  help                          
0000168d  initHw                        
0000206d  initMeasure                   
00003a0d  initSystemClockTo40Mhz        
00001ad1  initUart0                     
00001ecf  isCommand                     
00001fa7  kbhitUart0                    
00002f95  ldexp                         
00002f95  ldexpl                        
0000147d  main                          
000022a5  measureAuto                   
000021a9  measureCapacitance            
0000229b  measureEsr                    
0000222f  measureInductance             
00002131  measureResistance             
00003983  memccpy                       
00003253  memcpy                        
00003499  memset                        
00001efb  myCompare                     
00001c67  parseFields                   
00001b85  putcUart0                     
00001ba1  putsUart0                     
000022f9  reIniciar                     
00002f95  scalbn                        
00002f95  scalbnl                       
00000ee3  selectPinAnalogInput          
00000e95  selectPinDigitalInput         
000011ff  selectPinInterruptBothEdges   
000011af  selectPinInterruptFallingEdge 
00001255  selectPinInterruptHighLevel   
0000128f  selectPinInterruptLowLevel    
0000115f  selectPinInterruptRisingEdge  
00000e47  selectPinOpenDrainOutput      
00000df9  selectPinPushPullOutput       
0000104d  setPinAuxFunction             
00000f33  setPinCommitControl           
00001311  setPinValue                   
00001369  setPortValue                  
00001b59  setUart0BaudRate              
0000385d  sprintf                       
000039d1  strchr                        
00001f4b  stringCompare                 
000039e7  strlen                        
0000233d  testBoard                     
0000393f  waitMicrosecond               
000039fb  wcslen                        


GLOBAL SYMBOLS: SORTED BY Symbol Address 

address   name                          
-------   ----                          
00000000  __TI_static_base__            
00000000  g_pfnVectors                  
0000026d  __TI_printfi                  
00000cbb  __aeabi_idiv0                 
00000cbb  __aeabi_ldiv0                 
00000cbd  enablePort                    
00000d79  disablePort                   
00000df9  selectPinPushPullOutput       
00000e47  selectPinOpenDrainOutput      
00000e95  selectPinDigitalInput         
00000ee3  selectPinAnalogInput          
00000f33  setPinCommitControl           
00000faf  enablePinPullup               
00000fdd  disablePinPullup              
00001000  __STACK_SIZE                  
00001001  enablePinPulldown             
00001025  disablePinPulldown            
0000104d  setPinAuxFunction             
0000115f  selectPinInterruptRisingEdge  
000011af  selectPinInterruptFallingEdge 
000011ff  selectPinInterruptBothEdges   
00001255  selectPinInterruptHighLevel   
0000128f  selectPinInterruptLowLevel    
000012c9  enablePinInterrupt            
000012ed  disablePinInterrupt           
00001311  setPinValue                   
00001337  getPinValue                   
00001369  setPortValue                  
000013ed  getPortValue                  
0000147d  main                          
0000168d  initHw                        
00001695  help                          
00001ad1  initUart0                     
00001b59  setUart0BaudRate              
00001b85  putcUart0                     
00001ba1  putsUart0                     
00001bcd  getcUart0                     
00001be1  getsUart0                     
00001c67  parseFields                   
00001dd9  getFieldString                
00001e69  getFieldInteger               
00001ecf  isCommand                     
00001efb  myCompare                     
00001f4b  stringCompare                 
00001fa7  kbhitUart0                    
00001fc1  ATOI                          
0000206d  initMeasure                   
00002131  measureResistance             
000021a9  measureCapacitance            
0000222f  measureInductance             
0000229b  measureEsr                    
000022a5  measureAuto                   
000022af  disablePins                   
000022f9  reIniciar                     
0000233d  testBoard                     
00002a45  __aeabi_dsub                  
00002a4f  __aeabi_dadd                  
00002d39  __aeabi_ddiv                  
00002f95  ldexp                         
00002f95  ldexpl                        
00002f95  scalbn                        
00002f95  scalbnl                       
000030a5  __aeabi_dmul                  
00003253  __aeabi_memcpy                
00003253  __aeabi_memcpy4               
00003253  __aeabi_memcpy8               
00003253  memcpy                        
000032ef  __aeabi_uldivmod              
00003385  __aeabi_cdcmpeq               
00003385  __aeabi_cdcmple               
0000340b  __aeabi_cdrcmple              
00003491  __aeabi_memclr                
00003491  __aeabi_memclr4               
00003491  __aeabi_memclr8               
00003493  __aeabi_memset                
00003493  __aeabi_memset4               
00003493  __aeabi_memset8               
00003499  memset                        
00003579  __TI_decompress_lzss          
000035e1  frexp                         
000035e1  frexpl                        
0000369b  __TI_ltoa                     
00003741  atoi                          
0000378d  __aeabi_d2iz                  
000037d5  __TI_auto_init_nobinit_nopinit
00003819  __aeabi_d2uiz                 
0000385d  sprintf                       
000038dd  _c_int00_noargs               
00003911  __aeabi_i2d                   
0000393f  waitMicrosecond               
00003963  __aeabi_ui2d                  
00003983  memccpy                       
0000399f  copysign                      
0000399f  copysignl                     
000039d1  strchr                        
000039e7  strlen                        
000039fb  wcslen                        
00003a0d  initSystemClockTo40Mhz        
00003a1d  __TI_decompress_none          
00003a2b  ResetISR                      
00003a41  __aeabi_errno_addr            
00003a49  _system_pre_init              
00003a4d  C$$EXIT                       
00003a4d  abort                         
00003a50  _ctypes_                      
00003b58  __TI_Handler_Table_Base       
00003b60  __TI_Handler_Table_Limit      
00003b68  __TI_CINIT_Base               
00003b70  __TI_CINIT_Limit              
20000000  __stack                       
20000000  __start___llvm_prf_cnts       
20000000  __stop___llvm_prf_cnts        
20000200  __STACK_TOP                   
20001000  __STACK_END                   
20001000  errno                         
ffffffff  __TI_pprof_out_hndl           
ffffffff  __TI_prof_data_size           
ffffffff  __TI_prof_data_start          
ffffffff  __binit__                     
ffffffff  __c_args__                    
ffffffff  binit                         
UNDEFED   __mpu_init                    
UNDEFED   _system_post_cinit            

[123 symbols]
