******************************************************************************
                  TI ARM Linker Unix v20.2.1                   
******************************************************************************
>> Linked Sun Mar 28 00:13:51 2021

OUTPUT FILE NAME:   <Embedded2Project.out>
ENTRY POINT SYMBOL: "_c_int00_noargs"  address: 000038c1


MEMORY CONFIGURATION

         name            origin    length      used     unused   attr    fill
----------------------  --------  ---------  --------  --------  ----  --------
  FLASH                 00000000   00040000  00003b4d  0003c4b3  R  X
  SRAM                  20000000   00008000  00001004  00006ffc  RW X


SEGMENT ALLOCATION MAP

run origin  load origin   length   init length attrs members
----------  ----------- ---------- ----------- ----- -------
00000000    00000000    00003b50   00003b50    r-x
  00000000    00000000    0000026c   0000026c    r-- .intvecs
  0000026c    0000026c    000037c8   000037c8    r-x .text
  00003a34    00003a34    00000101   00000101    r-- .const
  00003b38    00003b38    00000018   00000018    r-- .cinit
20000000    20000000    00001004   00000000    rw-
  20000000    20000000    00001000   00000000    rw- .stack
  20001000    20001000    00000004   00000000    rw- .data


SECTION ALLOCATION MAP

 output                                  attributes/
section   page    origin      length       input sections
--------  ----  ----------  ----------   ----------------
.intvecs   0    00000000    0000026c     
                  00000000    0000026c     tm4c123gh6pm_startup_ccs.obj (.intvecs)

.text      0    0000026c    000037c8     
                  0000026c    00000a4e     rtsv7M4_T_le_v4SPD16_eabi.lib : _printfi.c.obj (.text:__TI_printfi)
                  00000cba    00000002                                   : div0.asm.obj (.text)
                  00000cbc    000007c0     gpio.obj (.text)
                  0000147c    0000064c     main.obj (.text)
                  00001ac8    0000059c     uart0.obj (.text)
                  00002064    00000584     measurements.obj (.text)
                  000025e8    00000270     rtsv7M4_T_le_v4SPD16_eabi.lib : _printfi.c.obj (.text:_pconv_a)
                  00002858    000001d0                                   : _printfi.c.obj (.text:_pconv_g)
                  00002a28    000001b6                                   : fd_add_t2.asm.obj (.text)
                  00002bde    00000002     --HOLE-- [fill = 0]
                  00002be0    0000013c                                   : _printfi.c.obj (.text:_pconv_e)
                  00002d1c    00000136                                   : fd_div_t2.asm.obj (.text)
                  00002e52    00000002     --HOLE-- [fill = 0]
                  00002e54    00000124                                   : _printfi.c.obj (.text:fcvt)
                  00002f78    00000110                                   : s_scalbn.c.obj (.text:scalbn)
                  00003088    000000fc                                   : fd_mul_t2.asm.obj (.text)
                  00003184    000000b1                                   : _printfi.c.obj (.text:_ltostr)
                  00003235    00000001     --HOLE-- [fill = 0]
                  00003236    0000009c                                   : memcpy_t2.asm.obj (.text)
                  000032d2    00000096                                   : ull_div_t2.asm.obj (.text)
                  00003368    00000086                                   : fd_cmp_t2.asm.obj (.text:__aeabi_cdcmple)
                  000033ee    00000086                                   : fd_cmp_t2.asm.obj (.text:__aeabi_cdrcmple)
                  00003474    0000007a                                   : memset_t2.asm.obj (.text)
                  000034ee    0000006e                                   : _printfi.c.obj (.text:_mcpy)
                  0000355c    00000068                                   : copy_decompress_lzss.c.obj (.text:decompress:lzss:__TI_decompress_lzss)
                  000035c4    00000064                                   : s_frexp.c.obj (.text:frexp)
                  00003628    00000056                                   : _printfi.c.obj (.text:_pconv_f)
                  0000367e    00000054                                   : _ltoa.c.obj (.text:__TI_ltoa)
                  000036d2    00000052                                   : _printfi.c.obj (.text:_ecpy)
                  00003724    0000004c                                   : atoi.c.obj (.text:atoi)
                  00003770    00000048                                   : fd_toi_t2.asm.obj (.text)
                  000037b8    00000044                                   : autoinit.c.obj (.text:__TI_auto_init_nobinit_nopinit:__TI_auto_init_nobinit_nopinit)
                  000037fc    00000044                                   : fd_tou_t2.asm.obj (.text)
                  00003840    00000040                                   : sprintf.c.obj (.text:sprintf)
                  00003880    0000003e                                   : _printfi.c.obj (.text:_fcpy)
                  000038be    00000002     --HOLE-- [fill = 0]
                  000038c0    00000034                                   : boot_cortex_m.c.obj (.text:_c_int00_noargs:_c_int00_noargs)
                  000038f4    0000002e                                   : i_tofd_t2.asm.obj (.text)
                  00003922    00000024     wait.obj (.text)
                  00003946    00000020     rtsv7M4_T_le_v4SPD16_eabi.lib : u_tofd_t2.asm.obj (.text)
                  00003966    0000001c                                   : memccpy.c.obj (.text:memccpy)
                  00003982    0000001a                                   : s_copysign.c.obj (.text:copysign)
                  0000399c    00000018                                   : sprintf.c.obj (.text:_outs)
                  000039b4    00000016                                   : strchr.c.obj (.text:strchr)
                  000039ca    00000014                                   : strlen.c.obj (.text:strlen)
                  000039de    00000012                                   : wcslen.c.obj (.text:wcslen)
                  000039f0    00000010     clock.obj (.text)
                  00003a00    0000000e     rtsv7M4_T_le_v4SPD16_eabi.lib : copy_decompress_none.c.obj (.text:decompress:none:__TI_decompress_none)
                  00003a0e    0000000c     tm4c123gh6pm_startup_ccs.obj (.text)
                  00003a1a    0000000a     rtsv7M4_T_le_v4SPD16_eabi.lib : sprintf.c.obj (.text:_outc)
                  00003a24    00000008                                   : errno.c.obj (.text:__aeabi_errno_addr)
                  00003a2c    00000004                                   : pre_init.c.obj (.text:_system_pre_init)
                  00003a30    00000004                                   : exit.c.obj (.text:abort:abort)

.const     0    00003a34    00000101     
                  00003a34    00000101     rtsv7M4_T_le_v4SPD16_eabi.lib : ctype.c.obj (.const:.string:_ctypes_)

.cinit     0    00003b38    00000018     
                  00003b38    00000008     (__TI_handler_table)
                  00003b40    00000007     (.cinit..data.load) [load image, compression = lzss]
                  00003b47    00000001     --HOLE-- [fill = 0]
                  00003b48    00000008     (__TI_cinit_table)

.init_array 
*          0    00000000    00000000     UNINITIALIZED

.data      0    20001000    00000004     UNINITIALIZED
                  20001000    00000004     rtsv7M4_T_le_v4SPD16_eabi.lib : errno.c.obj (.data)

.stack     0    20000000    00001000     UNINITIALIZED
                  20000000    00000004     rtsv7M4_T_le_v4SPD16_eabi.lib : boot_cortex_m.c.obj (.stack)
                  20000004    00000ffc     --HOLE--

__llvm_prf_cnts 
*          0    20000000    00000000     UNINITIALIZED

MODULE SUMMARY

       Module                         code    ro data   rw data
       ------                         ----    -------   -------
    ./
       gpio.obj                       1984    0         0      
       main.obj                       1612    0         0      
       uart0.obj                      1436    0         0      
       measurements.obj               1412    0         0      
       tm4c123gh6pm_startup_ccs.obj   12      620       0      
       wait.obj                       36      0         0      
       clock.obj                      16      0         0      
    +--+------------------------------+-------+---------+---------+
       Total:                         6508    620       0      
                                                               
    /Applications/ti/ccs1010/ccs/tools/compiler/ti-cgt-arm_20.2.1.LTS/lib/rtsv7M4_T_le_v4SPD16_eabi.lib
       _printfi.c.obj                 4851    0         0      
       fd_add_t2.asm.obj              438     0         0      
       fd_div_t2.asm.obj              310     0         0      
       s_scalbn.c.obj                 272     0         0      
       fd_cmp_t2.asm.obj              268     0         0      
       ctype.c.obj                    0       257       0      
       fd_mul_t2.asm.obj              252     0         0      
       memcpy_t2.asm.obj              156     0         0      
       ull_div_t2.asm.obj             150     0         0      
       memset_t2.asm.obj              122     0         0      
       copy_decompress_lzss.c.obj     104     0         0      
       s_frexp.c.obj                  100     0         0      
       sprintf.c.obj                  98      0         0      
       _ltoa.c.obj                    84      0         0      
       atoi.c.obj                     76      0         0      
       fd_toi_t2.asm.obj              72      0         0      
       autoinit.c.obj                 68      0         0      
       fd_tou_t2.asm.obj              68      0         0      
       boot_cortex_m.c.obj            52      0         0      
       i_tofd_t2.asm.obj              46      0         0      
       u_tofd_t2.asm.obj              32      0         0      
       memccpy.c.obj                  28      0         0      
       s_copysign.c.obj               26      0         0      
       strchr.c.obj                   22      0         0      
       strlen.c.obj                   20      0         0      
       wcslen.c.obj                   18      0         0      
       copy_decompress_none.c.obj     14      0         0      
       errno.c.obj                    8       0         4      
       exit.c.obj                     4       0         0      
       pre_init.c.obj                 4       0         0      
       div0.asm.obj                   2       0         0      
    +--+------------------------------+-------+---------+---------+
       Total:                         7765    257       4      
                                                               
       Stack:                         0       0         4096   
       Linker Generated:              0       23        0      
    +--+------------------------------+-------+---------+---------+
       Grand Total:                   14273   900       4100   


LINKER GENERATED COPY TABLES

__TI_cinit_table @ 00003b48 records: 1, size/record: 8, table size: 8
	.data: load addr=00003b40, load size=00000007 bytes, run addr=20001000, run size=00000004 bytes, compression=lzss


LINKER GENERATED HANDLER TABLE

__TI_handler_table @ 00003b38 records: 2, size/record: 4, table size: 8
	index: 0, handler: __TI_decompress_lzss
	index: 1, handler: __TI_decompress_none


GLOBAL SYMBOLS: SORTED ALPHABETICALLY BY Name 

address   name                          
-------   ----                          
00001fb9  ATOI                          
00003a31  C$$EXIT                       
00003a0f  ResetISR                      
20001000  __STACK_END                   
00001000  __STACK_SIZE                  
20000200  __STACK_TOP                   
00003b48  __TI_CINIT_Base               
00003b50  __TI_CINIT_Limit              
00003b38  __TI_Handler_Table_Base       
00003b40  __TI_Handler_Table_Limit      
000037b9  __TI_auto_init_nobinit_nopinit
0000355d  __TI_decompress_lzss          
00003a01  __TI_decompress_none          
0000367f  __TI_ltoa                     
ffffffff  __TI_pprof_out_hndl           
0000026d  __TI_printfi                  
ffffffff  __TI_prof_data_size           
ffffffff  __TI_prof_data_start          
00000000  __TI_static_base__            
00003369  __aeabi_cdcmpeq               
00003369  __aeabi_cdcmple               
000033ef  __aeabi_cdrcmple              
00003771  __aeabi_d2iz                  
000037fd  __aeabi_d2uiz                 
00002a33  __aeabi_dadd                  
00002d1d  __aeabi_ddiv                  
00003089  __aeabi_dmul                  
00002a29  __aeabi_dsub                  
00003a25  __aeabi_errno_addr            
000038f5  __aeabi_i2d                   
00000cbb  __aeabi_idiv0                 
00000cbb  __aeabi_ldiv0                 
00003475  __aeabi_memclr                
00003475  __aeabi_memclr4               
00003475  __aeabi_memclr8               
00003237  __aeabi_memcpy                
00003237  __aeabi_memcpy4               
00003237  __aeabi_memcpy8               
00003477  __aeabi_memset                
00003477  __aeabi_memset4               
00003477  __aeabi_memset8               
00003947  __aeabi_ui2d                  
000032d3  __aeabi_uldivmod              
ffffffff  __binit__                     
ffffffff  __c_args__                    
UNDEFED   __mpu_init                    
20000000  __stack                       
20000000  __start___llvm_prf_cnts       
20000000  __stop___llvm_prf_cnts        
000038c1  _c_int00_noargs               
00003a34  _ctypes_                      
UNDEFED   _system_post_cinit            
00003a2d  _system_pre_init              
00003a31  abort                         
00003725  atoi                          
ffffffff  binit                         
00003983  copysign                      
00003983  copysignl                     
000012ed  disablePinInterrupt           
00001025  disablePinPulldown            
00000fdd  disablePinPullup              
0000229b  disablePins                   
00000d79  disablePort                   
000012c9  enablePinInterrupt            
00001001  enablePinPulldown             
00000faf  enablePinPullup               
00000cbd  enablePort                    
20001000  errno                         
000035c5  frexp                         
000035c5  frexpl                        
00000000  g_pfnVectors                  
00001e61  getFieldInteger               
00001dd1  getFieldString                
00001337  getPinValue                   
000013ed  getPortValue                  
00001bc5  getcUart0                     
00001bd9  getsUart0                     
00001695  help                          
0000168d  initHw                        
00002065  initMeasure                   
000039f1  initSystemClockTo40Mhz        
00001ac9  initUart0                     
00001ec7  isCommand                     
00001f9f  kbhitUart0                    
00002f79  ldexp                         
00002f79  ldexpl                        
0000147d  main                          
00002291  measureAuto                   
000021a1  measureCapacitance            
00002287  measureEsr                    
00002227  measureInductance             
00002129  measureResistance             
00003967  memccpy                       
00003237  memcpy                        
0000347d  memset                        
00001ef3  myCompare                     
00001c5f  parseFields                   
00001b7d  putcUart0                     
00001b99  putsUart0                     
000022e5  reIniciar                     
00002f79  scalbn                        
00002f79  scalbnl                       
00000ee3  selectPinAnalogInput          
00000e95  selectPinDigitalInput         
000011ff  selectPinInterruptBothEdges   
000011af  selectPinInterruptFallingEdge 
00001255  selectPinInterruptHighLevel   
0000128f  selectPinInterruptLowLevel    
0000115f  selectPinInterruptRisingEdge  
00000e47  selectPinOpenDrainOutput      
00000df9  selectPinPushPullOutput       
0000104d  setPinAuxFunction             
00000f33  setPinCommitControl           
00001311  setPinValue                   
00001369  setPortValue                  
00001b51  setUart0BaudRate              
00003841  sprintf                       
000039b5  strchr                        
00001f43  stringCompare                 
000039cb  strlen                        
00002329  testBoard                     
00003923  waitMicrosecond               
000039df  wcslen                        


GLOBAL SYMBOLS: SORTED BY Symbol Address 

address   name                          
-------   ----                          
00000000  __TI_static_base__            
00000000  g_pfnVectors                  
0000026d  __TI_printfi                  
00000cbb  __aeabi_idiv0                 
00000cbb  __aeabi_ldiv0                 
00000cbd  enablePort                    
00000d79  disablePort                   
00000df9  selectPinPushPullOutput       
00000e47  selectPinOpenDrainOutput      
00000e95  selectPinDigitalInput         
00000ee3  selectPinAnalogInput          
00000f33  setPinCommitControl           
00000faf  enablePinPullup               
00000fdd  disablePinPullup              
00001000  __STACK_SIZE                  
00001001  enablePinPulldown             
00001025  disablePinPulldown            
0000104d  setPinAuxFunction             
0000115f  selectPinInterruptRisingEdge  
000011af  selectPinInterruptFallingEdge 
000011ff  selectPinInterruptBothEdges   
00001255  selectPinInterruptHighLevel   
0000128f  selectPinInterruptLowLevel    
000012c9  enablePinInterrupt            
000012ed  disablePinInterrupt           
00001311  setPinValue                   
00001337  getPinValue                   
00001369  setPortValue                  
000013ed  getPortValue                  
0000147d  main                          
0000168d  initHw                        
00001695  help                          
00001ac9  initUart0                     
00001b51  setUart0BaudRate              
00001b7d  putcUart0                     
00001b99  putsUart0                     
00001bc5  getcUart0                     
00001bd9  getsUart0                     
00001c5f  parseFields                   
00001dd1  getFieldString                
00001e61  getFieldInteger               
00001ec7  isCommand                     
00001ef3  myCompare                     
00001f43  stringCompare                 
00001f9f  kbhitUart0                    
00001fb9  ATOI                          
00002065  initMeasure                   
00002129  measureResistance             
000021a1  measureCapacitance            
00002227  measureInductance             
00002287  measureEsr                    
00002291  measureAuto                   
0000229b  disablePins                   
000022e5  reIniciar                     
00002329  testBoard                     
00002a29  __aeabi_dsub                  
00002a33  __aeabi_dadd                  
00002d1d  __aeabi_ddiv                  
00002f79  ldexp                         
00002f79  ldexpl                        
00002f79  scalbn                        
00002f79  scalbnl                       
00003089  __aeabi_dmul                  
00003237  __aeabi_memcpy                
00003237  __aeabi_memcpy4               
00003237  __aeabi_memcpy8               
00003237  memcpy                        
000032d3  __aeabi_uldivmod              
00003369  __aeabi_cdcmpeq               
00003369  __aeabi_cdcmple               
000033ef  __aeabi_cdrcmple              
00003475  __aeabi_memclr                
00003475  __aeabi_memclr4               
00003475  __aeabi_memclr8               
00003477  __aeabi_memset                
00003477  __aeabi_memset4               
00003477  __aeabi_memset8               
0000347d  memset                        
0000355d  __TI_decompress_lzss          
000035c5  frexp                         
000035c5  frexpl                        
0000367f  __TI_ltoa                     
00003725  atoi                          
00003771  __aeabi_d2iz                  
000037b9  __TI_auto_init_nobinit_nopinit
000037fd  __aeabi_d2uiz                 
00003841  sprintf                       
000038c1  _c_int00_noargs               
000038f5  __aeabi_i2d                   
00003923  waitMicrosecond               
00003947  __aeabi_ui2d                  
00003967  memccpy                       
00003983  copysign                      
00003983  copysignl                     
000039b5  strchr                        
000039cb  strlen                        
000039df  wcslen                        
000039f1  initSystemClockTo40Mhz        
00003a01  __TI_decompress_none          
00003a0f  ResetISR                      
00003a25  __aeabi_errno_addr            
00003a2d  _system_pre_init              
00003a31  C$$EXIT                       
00003a31  abort                         
00003a34  _ctypes_                      
00003b38  __TI_Handler_Table_Base       
00003b40  __TI_Handler_Table_Limit      
00003b48  __TI_CINIT_Base               
00003b50  __TI_CINIT_Limit              
20000000  __stack                       
20000000  __start___llvm_prf_cnts       
20000000  __stop___llvm_prf_cnts        
20000200  __STACK_TOP                   
20001000  __STACK_END                   
20001000  errno                         
ffffffff  __TI_pprof_out_hndl           
ffffffff  __TI_prof_data_size           
ffffffff  __TI_prof_data_start          
ffffffff  __binit__                     
ffffffff  __c_args__                    
ffffffff  binit                         
UNDEFED   __mpu_init                    
UNDEFED   _system_post_cinit            

[123 symbols]
