******************************************************************************
                  TI ARM Linker Unix v20.2.1                   
******************************************************************************
>> Linked Fri Mar 19 15:31:21 2021

OUTPUT FILE NAME:   <Embedded2Project.out>
ENTRY POINT SYMBOL: "_c_int00_noargs"  address: 000036ad


MEMORY CONFIGURATION

         name            origin    length      used     unused   attr    fill
----------------------  --------  ---------  --------  --------  ----  --------
  FLASH                 00000000   00040000  00003919  0003c6e7  R  X
  SRAM                  20000000   00008000  00001004  00006ffc  RW X


SEGMENT ALLOCATION MAP

run origin  load origin   length   init length attrs members
----------  ----------- ---------- ----------- ----- -------
00000000    00000000    00003920   00003920    r-x
  00000000    00000000    0000026c   0000026c    r-- .intvecs
  0000026c    0000026c    00003594   00003594    r-x .text
  00003800    00003800    00000101   00000101    r-- .const
  00003908    00003908    00000018   00000018    r-- .cinit
20000000    20000000    00001004   00000000    rw-
  20000000    20000000    00001000   00000000    rw- .stack
  20001000    20001000    00000004   00000000    rw- .data


SECTION ALLOCATION MAP

 output                                  attributes/
section   page    origin      length       input sections
--------  ----  ----------  ----------   ----------------
.intvecs   0    00000000    0000026c     
                  00000000    0000026c     tm4c123gh6pm_startup_ccs.obj (.intvecs)

.text      0    0000026c    00003594     
                  0000026c    00000a4e     rtsv7M4_T_le_v4SPD16_eabi.lib : _printfi.c.obj (.text:__TI_printfi)
                  00000cba    00000002                                   : div0.asm.obj (.text)
                  00000cbc    000007c0     gpio.obj (.text)
                  0000147c    0000059c     uart0.obj (.text)
                  00001a18    00000508     measurements.obj (.text)
                  00001f20    000004f8     main.obj (.text)
                  00002418    00000270     rtsv7M4_T_le_v4SPD16_eabi.lib : _printfi.c.obj (.text:_pconv_a)
                  00002688    000001d0                                   : _printfi.c.obj (.text:_pconv_g)
                  00002858    000001b6                                   : fd_add_t2.asm.obj (.text)
                  00002a0e    00000002     --HOLE-- [fill = 0]
                  00002a10    0000013c                                   : _printfi.c.obj (.text:_pconv_e)
                  00002b4c    00000136                                   : fd_div_t2.asm.obj (.text)
                  00002c82    00000002     --HOLE-- [fill = 0]
                  00002c84    00000124                                   : _printfi.c.obj (.text:fcvt)
                  00002da8    00000110                                   : s_scalbn.c.obj (.text:scalbn)
                  00002eb8    000000fc                                   : fd_mul_t2.asm.obj (.text)
                  00002fb4    000000b1                                   : _printfi.c.obj (.text:_ltostr)
                  00003065    00000001     --HOLE-- [fill = 0]
                  00003066    0000009c                                   : memcpy_t2.asm.obj (.text)
                  00003102    00000096                                   : ull_div_t2.asm.obj (.text)
                  00003198    00000086                                   : fd_cmp_t2.asm.obj (.text:__aeabi_cdcmple)
                  0000321e    00000086                                   : fd_cmp_t2.asm.obj (.text:__aeabi_cdrcmple)
                  000032a4    0000007a                                   : memset_t2.asm.obj (.text)
                  0000331e    0000006e                                   : _printfi.c.obj (.text:_mcpy)
                  0000338c    00000068                                   : copy_decompress_lzss.c.obj (.text:decompress:lzss:__TI_decompress_lzss)
                  000033f4    00000064                                   : s_frexp.c.obj (.text:frexp)
                  00003458    00000056                                   : _printfi.c.obj (.text:_pconv_f)
                  000034ae    00000054                                   : _ltoa.c.obj (.text:__TI_ltoa)
                  00003502    00000052                                   : _printfi.c.obj (.text:_ecpy)
                  00003554    0000004c                                   : atoi.c.obj (.text:atoi)
                  000035a0    00000048                                   : fd_toi_t2.asm.obj (.text)
                  000035e8    00000044                                   : autoinit.c.obj (.text:__TI_auto_init_nobinit_nopinit:__TI_auto_init_nobinit_nopinit)
                  0000362c    00000040                                   : sprintf.c.obj (.text:sprintf)
                  0000366c    0000003e                                   : _printfi.c.obj (.text:_fcpy)
                  000036aa    00000002     --HOLE-- [fill = 0]
                  000036ac    00000034                                   : boot_cortex_m.c.obj (.text:_c_int00_noargs:_c_int00_noargs)
                  000036e0    0000002e                                   : i_tofd_t2.asm.obj (.text)
                  0000370e    00000024     wait.obj (.text)
                  00003732    0000001c     rtsv7M4_T_le_v4SPD16_eabi.lib : memccpy.c.obj (.text:memccpy)
                  0000374e    0000001a                                   : s_copysign.c.obj (.text:copysign)
                  00003768    00000018                                   : sprintf.c.obj (.text:_outs)
                  00003780    00000016                                   : strchr.c.obj (.text:strchr)
                  00003796    00000014                                   : strlen.c.obj (.text:strlen)
                  000037aa    00000012                                   : wcslen.c.obj (.text:wcslen)
                  000037bc    00000010     clock.obj (.text)
                  000037cc    0000000e     rtsv7M4_T_le_v4SPD16_eabi.lib : copy_decompress_none.c.obj (.text:decompress:none:__TI_decompress_none)
                  000037da    0000000c     tm4c123gh6pm_startup_ccs.obj (.text)
                  000037e6    0000000a     rtsv7M4_T_le_v4SPD16_eabi.lib : sprintf.c.obj (.text:_outc)
                  000037f0    00000008                                   : errno.c.obj (.text:__aeabi_errno_addr)
                  000037f8    00000004                                   : pre_init.c.obj (.text:_system_pre_init)
                  000037fc    00000004                                   : exit.c.obj (.text:abort:abort)

.const     0    00003800    00000101     
                  00003800    00000101     rtsv7M4_T_le_v4SPD16_eabi.lib : ctype.c.obj (.const:.string:_ctypes_)

.cinit     0    00003908    00000018     
                  00003908    00000008     (__TI_handler_table)
                  00003910    00000007     (.cinit..data.load) [load image, compression = lzss]
                  00003917    00000001     --HOLE-- [fill = 0]
                  00003918    00000008     (__TI_cinit_table)

.init_array 
*          0    00000000    00000000     UNINITIALIZED

.data      0    20001000    00000004     UNINITIALIZED
                  20001000    00000004     rtsv7M4_T_le_v4SPD16_eabi.lib : errno.c.obj (.data)

.stack     0    20000000    00001000     UNINITIALIZED
                  20000000    00000004     rtsv7M4_T_le_v4SPD16_eabi.lib : boot_cortex_m.c.obj (.stack)
                  20000004    00000ffc     --HOLE--

__llvm_prf_cnts 
*          0    20000000    00000000     UNINITIALIZED

MODULE SUMMARY

       Module                         code    ro data   rw data
       ------                         ----    -------   -------
    ./
       gpio.obj                       1984    0         0      
       uart0.obj                      1436    0         0      
       measurements.obj               1288    0         0      
       main.obj                       1272    0         0      
       tm4c123gh6pm_startup_ccs.obj   12      620       0      
       wait.obj                       36      0         0      
       clock.obj                      16      0         0      
    +--+------------------------------+-------+---------+---------+
       Total:                         6044    620       0      
                                                               
    /Applications/ti/ccs1010/ccs/tools/compiler/ti-cgt-arm_20.2.1.LTS/lib/rtsv7M4_T_le_v4SPD16_eabi.lib
       _printfi.c.obj                 4851    0         0      
       fd_add_t2.asm.obj              438     0         0      
       fd_div_t2.asm.obj              310     0         0      
       s_scalbn.c.obj                 272     0         0      
       fd_cmp_t2.asm.obj              268     0         0      
       ctype.c.obj                    0       257       0      
       fd_mul_t2.asm.obj              252     0         0      
       memcpy_t2.asm.obj              156     0         0      
       ull_div_t2.asm.obj             150     0         0      
       memset_t2.asm.obj              122     0         0      
       copy_decompress_lzss.c.obj     104     0         0      
       s_frexp.c.obj                  100     0         0      
       sprintf.c.obj                  98      0         0      
       _ltoa.c.obj                    84      0         0      
       atoi.c.obj                     76      0         0      
       fd_toi_t2.asm.obj              72      0         0      
       autoinit.c.obj                 68      0         0      
       boot_cortex_m.c.obj            52      0         0      
       i_tofd_t2.asm.obj              46      0         0      
       memccpy.c.obj                  28      0         0      
       s_copysign.c.obj               26      0         0      
       strchr.c.obj                   22      0         0      
       strlen.c.obj                   20      0         0      
       wcslen.c.obj                   18      0         0      
       copy_decompress_none.c.obj     14      0         0      
       errno.c.obj                    8       0         4      
       exit.c.obj                     4       0         0      
       pre_init.c.obj                 4       0         0      
       div0.asm.obj                   2       0         0      
    +--+------------------------------+-------+---------+---------+
       Total:                         7665    257       4      
                                                               
       Stack:                         0       0         4096   
       Linker Generated:              0       23        0      
    +--+------------------------------+-------+---------+---------+
       Grand Total:                   13709   900       4100   


LINKER GENERATED COPY TABLES

__TI_cinit_table @ 00003918 records: 1, size/record: 8, table size: 8
	.data: load addr=00003910, load size=00000007 bytes, run addr=20001000, run size=00000004 bytes, compression=lzss


LINKER GENERATED HANDLER TABLE

__TI_handler_table @ 00003908 records: 2, size/record: 4, table size: 8
	index: 0, handler: __TI_decompress_lzss
	index: 1, handler: __TI_decompress_none


GLOBAL SYMBOLS: SORTED ALPHABETICALLY BY Name 

address   name                          
-------   ----                          
0000196d  ATOI                          
000037fd  C$$EXIT                       
000037db  ResetISR                      
20001000  __STACK_END                   
00001000  __STACK_SIZE                  
20000200  __STACK_TOP                   
00003918  __TI_CINIT_Base               
00003920  __TI_CINIT_Limit              
00003908  __TI_Handler_Table_Base       
00003910  __TI_Handler_Table_Limit      
000035e9  __TI_auto_init_nobinit_nopinit
0000338d  __TI_decompress_lzss          
000037cd  __TI_decompress_none          
000034af  __TI_ltoa                     
ffffffff  __TI_pprof_out_hndl           
0000026d  __TI_printfi                  
ffffffff  __TI_prof_data_size           
ffffffff  __TI_prof_data_start          
00000000  __TI_static_base__            
00003199  __aeabi_cdcmpeq               
00003199  __aeabi_cdcmple               
0000321f  __aeabi_cdrcmple              
000035a1  __aeabi_d2iz                  
00002863  __aeabi_dadd                  
00002b4d  __aeabi_ddiv                  
00002eb9  __aeabi_dmul                  
00002859  __aeabi_dsub                  
000037f1  __aeabi_errno_addr            
000036e1  __aeabi_i2d                   
00000cbb  __aeabi_idiv0                 
00000cbb  __aeabi_ldiv0                 
000032a5  __aeabi_memclr                
000032a5  __aeabi_memclr4               
000032a5  __aeabi_memclr8               
00003067  __aeabi_memcpy                
00003067  __aeabi_memcpy4               
00003067  __aeabi_memcpy8               
000032a7  __aeabi_memset                
000032a7  __aeabi_memset4               
000032a7  __aeabi_memset8               
00003103  __aeabi_uldivmod              
ffffffff  __binit__                     
ffffffff  __c_args__                    
UNDEFED   __mpu_init                    
20000000  __stack                       
20000000  __start___llvm_prf_cnts       
20000000  __stop___llvm_prf_cnts        
000036ad  _c_int00_noargs               
00003800  _ctypes_                      
UNDEFED   _system_post_cinit            
000037f9  _system_pre_init              
000037fd  abort                         
00003555  atoi                          
ffffffff  binit                         
0000374f  copysign                      
0000374f  copysignl                     
000012ed  disablePinInterrupt           
00001025  disablePinPulldown            
00000fdd  disablePinPullup              
00001be9  disablePins                   
00000d79  disablePort                   
000012c9  enablePinInterrupt            
00001001  enablePinPulldown             
00000faf  enablePinPullup               
00000cbd  enablePort                    
20001000  errno                         
000033f5  frexp                         
000033f5  frexpl                        
00000000  g_pfnVectors                  
00001815  getFieldInteger               
00001785  getFieldString                
00001337  getPinValue                   
000013ed  getPortValue                  
00001579  getcUart0                     
0000158d  getsUart0                     
000020d5  help                          
000020cd  initHw                        
00001a19  initMeasure                   
000037bd  initSystemClockTo40Mhz        
0000147d  initUart0                     
0000187b  isCommand                     
00001953  kbhitUart0                    
00002da9  ldexp                         
00002da9  ldexpl                        
00001f21  main                          
00001b53  measureCapacitance            
00001bdd  measureInductance             
00001add  measureResistance             
00003733  memccpy                       
00003067  memcpy                        
000032ad  memset                        
000018a7  myCompare                     
00001613  parseFields                   
00001531  putcUart0                     
0000154d  putsUart0                     
00001c33  reIniciar                     
00002da9  scalbn                        
00002da9  scalbnl                       
00000ee3  selectPinAnalogInput          
00000e95  selectPinDigitalInput         
000011ff  selectPinInterruptBothEdges   
000011af  selectPinInterruptFallingEdge 
00001255  selectPinInterruptHighLevel   
0000128f  selectPinInterruptLowLevel    
0000115f  selectPinInterruptRisingEdge  
00000e47  selectPinOpenDrainOutput      
00000df9  selectPinPushPullOutput       
0000104d  setPinAuxFunction             
00000f33  setPinCommitControl           
00001311  setPinValue                   
00001369  setPortValue                  
00001505  setUart0BaudRate              
0000362d  sprintf                       
00003781  strchr                        
000018f7  stringCompare                 
00003797  strlen                        
00001c6d  testBoard                     
0000370f  waitMicrosecond               
000037ab  wcslen                        


GLOBAL SYMBOLS: SORTED BY Symbol Address 

address   name                          
-------   ----                          
00000000  __TI_static_base__            
00000000  g_pfnVectors                  
0000026d  __TI_printfi                  
00000cbb  __aeabi_idiv0                 
00000cbb  __aeabi_ldiv0                 
00000cbd  enablePort                    
00000d79  disablePort                   
00000df9  selectPinPushPullOutput       
00000e47  selectPinOpenDrainOutput      
00000e95  selectPinDigitalInput         
00000ee3  selectPinAnalogInput          
00000f33  setPinCommitControl           
00000faf  enablePinPullup               
00000fdd  disablePinPullup              
00001000  __STACK_SIZE                  
00001001  enablePinPulldown             
00001025  disablePinPulldown            
0000104d  setPinAuxFunction             
0000115f  selectPinInterruptRisingEdge  
000011af  selectPinInterruptFallingEdge 
000011ff  selectPinInterruptBothEdges   
00001255  selectPinInterruptHighLevel   
0000128f  selectPinInterruptLowLevel    
000012c9  enablePinInterrupt            
000012ed  disablePinInterrupt           
00001311  setPinValue                   
00001337  getPinValue                   
00001369  setPortValue                  
000013ed  getPortValue                  
0000147d  initUart0                     
00001505  setUart0BaudRate              
00001531  putcUart0                     
0000154d  putsUart0                     
00001579  getcUart0                     
0000158d  getsUart0                     
00001613  parseFields                   
00001785  getFieldString                
00001815  getFieldInteger               
0000187b  isCommand                     
000018a7  myCompare                     
000018f7  stringCompare                 
00001953  kbhitUart0                    
0000196d  ATOI                          
00001a19  initMeasure                   
00001add  measureResistance             
00001b53  measureCapacitance            
00001bdd  measureInductance             
00001be9  disablePins                   
00001c33  reIniciar                     
00001c6d  testBoard                     
00001f21  main                          
000020cd  initHw                        
000020d5  help                          
00002859  __aeabi_dsub                  
00002863  __aeabi_dadd                  
00002b4d  __aeabi_ddiv                  
00002da9  ldexp                         
00002da9  ldexpl                        
00002da9  scalbn                        
00002da9  scalbnl                       
00002eb9  __aeabi_dmul                  
00003067  __aeabi_memcpy                
00003067  __aeabi_memcpy4               
00003067  __aeabi_memcpy8               
00003067  memcpy                        
00003103  __aeabi_uldivmod              
00003199  __aeabi_cdcmpeq               
00003199  __aeabi_cdcmple               
0000321f  __aeabi_cdrcmple              
000032a5  __aeabi_memclr                
000032a5  __aeabi_memclr4               
000032a5  __aeabi_memclr8               
000032a7  __aeabi_memset                
000032a7  __aeabi_memset4               
000032a7  __aeabi_memset8               
000032ad  memset                        
0000338d  __TI_decompress_lzss          
000033f5  frexp                         
000033f5  frexpl                        
000034af  __TI_ltoa                     
00003555  atoi                          
000035a1  __aeabi_d2iz                  
000035e9  __TI_auto_init_nobinit_nopinit
0000362d  sprintf                       
000036ad  _c_int00_noargs               
000036e1  __aeabi_i2d                   
0000370f  waitMicrosecond               
00003733  memccpy                       
0000374f  copysign                      
0000374f  copysignl                     
00003781  strchr                        
00003797  strlen                        
000037ab  wcslen                        
000037bd  initSystemClockTo40Mhz        
000037cd  __TI_decompress_none          
000037db  ResetISR                      
000037f1  __aeabi_errno_addr            
000037f9  _system_pre_init              
000037fd  C$$EXIT                       
000037fd  abort                         
00003800  _ctypes_                      
00003908  __TI_Handler_Table_Base       
00003910  __TI_Handler_Table_Limit      
00003918  __TI_CINIT_Base               
00003920  __TI_CINIT_Limit              
20000000  __stack                       
20000000  __start___llvm_prf_cnts       
20000000  __stop___llvm_prf_cnts        
20000200  __STACK_TOP                   
20001000  __STACK_END                   
20001000  errno                         
ffffffff  __TI_pprof_out_hndl           
ffffffff  __TI_prof_data_size           
ffffffff  __TI_prof_data_start          
ffffffff  __binit__                     
ffffffff  __c_args__                    
ffffffff  binit                         
UNDEFED   __mpu_init                    
UNDEFED   _system_post_cinit            

[119 symbols]
