******************************************************************************
                  TI ARM Linker Unix v20.2.1                   
******************************************************************************
>> Linked Fri Apr  2 17:56:28 2021

OUTPUT FILE NAME:   <Embedded2Project.out>
ENTRY POINT SYMBOL: "_c_int00_noargs"  address: 00003a71


MEMORY CONFIGURATION

         name            origin    length      used     unused   attr    fill
----------------------  --------  ---------  --------  --------  ----  --------
  FLASH                 00000000   00040000  00003cfd  0003c303  R  X
  SRAM                  20000000   00008000  00001004  00006ffc  RW X


SEGMENT ALLOCATION MAP

run origin  load origin   length   init length attrs members
----------  ----------- ---------- ----------- ----- -------
00000000    00000000    00003d00   00003d00    r-x
  00000000    00000000    0000026c   0000026c    r-- .intvecs
  0000026c    0000026c    00003978   00003978    r-x .text
  00003be4    00003be4    00000101   00000101    r-- .const
  00003ce8    00003ce8    00000018   00000018    r-- .cinit
20000000    20000000    00001004   00000000    rw-
  20000000    20000000    00001000   00000000    rw- .stack
  20001000    20001000    00000004   00000000    rw- .data


SECTION ALLOCATION MAP

 output                                  attributes/
section   page    origin      length       input sections
--------  ----  ----------  ----------   ----------------
.intvecs   0    00000000    0000026c     
                  00000000    0000026c     tm4c123gh6pm_startup_ccs.obj (.intvecs)

.text      0    0000026c    00003978     
                  0000026c    00000a4e     rtsv7M4_T_le_v4SPD16_eabi.lib : _printfi.c.obj (.text:__TI_printfi)
                  00000cba    00000002                                   : div0.asm.obj (.text)
                  00000cbc    000007c0     gpio.obj (.text)
                  0000147c    00000734     measurements.obj (.text)
                  00001bb0    0000064c     main.obj (.text)
                  000021fc    0000059c     uart0.obj (.text)
                  00002798    00000270     rtsv7M4_T_le_v4SPD16_eabi.lib : _printfi.c.obj (.text:_pconv_a)
                  00002a08    000001d0                                   : _printfi.c.obj (.text:_pconv_g)
                  00002bd8    000001b6                                   : fd_add_t2.asm.obj (.text)
                  00002d8e    00000002     --HOLE-- [fill = 0]
                  00002d90    0000013c                                   : _printfi.c.obj (.text:_pconv_e)
                  00002ecc    00000136                                   : fd_div_t2.asm.obj (.text)
                  00003002    00000002     --HOLE-- [fill = 0]
                  00003004    00000124                                   : _printfi.c.obj (.text:fcvt)
                  00003128    00000110                                   : s_scalbn.c.obj (.text:scalbn)
                  00003238    000000fc                                   : fd_mul_t2.asm.obj (.text)
                  00003334    000000b1                                   : _printfi.c.obj (.text:_ltostr)
                  000033e5    00000001     --HOLE-- [fill = 0]
                  000033e6    0000009c                                   : memcpy_t2.asm.obj (.text)
                  00003482    00000096                                   : ull_div_t2.asm.obj (.text)
                  00003518    00000086                                   : fd_cmp_t2.asm.obj (.text:__aeabi_cdcmple)
                  0000359e    00000086                                   : fd_cmp_t2.asm.obj (.text:__aeabi_cdrcmple)
                  00003624    0000007a                                   : memset_t2.asm.obj (.text)
                  0000369e    0000006e                                   : _printfi.c.obj (.text:_mcpy)
                  0000370c    00000068                                   : copy_decompress_lzss.c.obj (.text:decompress:lzss:__TI_decompress_lzss)
                  00003774    00000064                                   : s_frexp.c.obj (.text:frexp)
                  000037d8    00000056                                   : _printfi.c.obj (.text:_pconv_f)
                  0000382e    00000054                                   : _ltoa.c.obj (.text:__TI_ltoa)
                  00003882    00000052                                   : _printfi.c.obj (.text:_ecpy)
                  000038d4    0000004c                                   : atoi.c.obj (.text:atoi)
                  00003920    00000048                                   : fd_toi_t2.asm.obj (.text)
                  00003968    00000044                                   : autoinit.c.obj (.text:__TI_auto_init_nobinit_nopinit:__TI_auto_init_nobinit_nopinit)
                  000039ac    00000044                                   : fd_tou_t2.asm.obj (.text)
                  000039f0    00000040                                   : sprintf.c.obj (.text:sprintf)
                  00003a30    0000003e                                   : _printfi.c.obj (.text:_fcpy)
                  00003a6e    00000002     --HOLE-- [fill = 0]
                  00003a70    00000034                                   : boot_cortex_m.c.obj (.text:_c_int00_noargs:_c_int00_noargs)
                  00003aa4    0000002e                                   : i_tofd_t2.asm.obj (.text)
                  00003ad2    00000024     wait.obj (.text)
                  00003af6    00000020     rtsv7M4_T_le_v4SPD16_eabi.lib : u_tofd_t2.asm.obj (.text)
                  00003b16    0000001c                                   : memccpy.c.obj (.text:memccpy)
                  00003b32    0000001a                                   : s_copysign.c.obj (.text:copysign)
                  00003b4c    00000018                                   : sprintf.c.obj (.text:_outs)
                  00003b64    00000016                                   : strchr.c.obj (.text:strchr)
                  00003b7a    00000014                                   : strlen.c.obj (.text:strlen)
                  00003b8e    00000012                                   : wcslen.c.obj (.text:wcslen)
                  00003ba0    00000010     clock.obj (.text)
                  00003bb0    0000000e     rtsv7M4_T_le_v4SPD16_eabi.lib : copy_decompress_none.c.obj (.text:decompress:none:__TI_decompress_none)
                  00003bbe    0000000c     tm4c123gh6pm_startup_ccs.obj (.text)
                  00003bca    0000000a     rtsv7M4_T_le_v4SPD16_eabi.lib : sprintf.c.obj (.text:_outc)
                  00003bd4    00000008                                   : errno.c.obj (.text:__aeabi_errno_addr)
                  00003bdc    00000004                                   : pre_init.c.obj (.text:_system_pre_init)
                  00003be0    00000004                                   : exit.c.obj (.text:abort:abort)

.const     0    00003be4    00000101     
                  00003be4    00000101     rtsv7M4_T_le_v4SPD16_eabi.lib : ctype.c.obj (.const:.string:_ctypes_)

.cinit     0    00003ce8    00000018     
                  00003ce8    00000008     (__TI_handler_table)
                  00003cf0    00000007     (.cinit..data.load) [load image, compression = lzss]
                  00003cf7    00000001     --HOLE-- [fill = 0]
                  00003cf8    00000008     (__TI_cinit_table)

.init_array 
*          0    00000000    00000000     UNINITIALIZED

.data      0    20001000    00000004     UNINITIALIZED
                  20001000    00000004     rtsv7M4_T_le_v4SPD16_eabi.lib : errno.c.obj (.data)

.stack     0    20000000    00001000     UNINITIALIZED
                  20000000    00000004     rtsv7M4_T_le_v4SPD16_eabi.lib : boot_cortex_m.c.obj (.stack)
                  20000004    00000ffc     --HOLE--

__llvm_prf_cnts 
*          0    20000000    00000000     UNINITIALIZED

MODULE SUMMARY

       Module                         code    ro data   rw data
       ------                         ----    -------   -------
    ./
       gpio.obj                       1984    0         0      
       measurements.obj               1844    0         0      
       main.obj                       1612    0         0      
       uart0.obj                      1436    0         0      
       tm4c123gh6pm_startup_ccs.obj   12      620       0      
       wait.obj                       36      0         0      
       clock.obj                      16      0         0      
    +--+------------------------------+-------+---------+---------+
       Total:                         6940    620       0      
                                                               
    /Applications/ti/ccs1010/ccs/tools/compiler/ti-cgt-arm_20.2.1.LTS/lib/rtsv7M4_T_le_v4SPD16_eabi.lib
       _printfi.c.obj                 4851    0         0      
       fd_add_t2.asm.obj              438     0         0      
       fd_div_t2.asm.obj              310     0         0      
       s_scalbn.c.obj                 272     0         0      
       fd_cmp_t2.asm.obj              268     0         0      
       ctype.c.obj                    0       257       0      
       fd_mul_t2.asm.obj              252     0         0      
       memcpy_t2.asm.obj              156     0         0      
       ull_div_t2.asm.obj             150     0         0      
       memset_t2.asm.obj              122     0         0      
       copy_decompress_lzss.c.obj     104     0         0      
       s_frexp.c.obj                  100     0         0      
       sprintf.c.obj                  98      0         0      
       _ltoa.c.obj                    84      0         0      
       atoi.c.obj                     76      0         0      
       fd_toi_t2.asm.obj              72      0         0      
       autoinit.c.obj                 68      0         0      
       fd_tou_t2.asm.obj              68      0         0      
       boot_cortex_m.c.obj            52      0         0      
       i_tofd_t2.asm.obj              46      0         0      
       u_tofd_t2.asm.obj              32      0         0      
       memccpy.c.obj                  28      0         0      
       s_copysign.c.obj               26      0         0      
       strchr.c.obj                   22      0         0      
       strlen.c.obj                   20      0         0      
       wcslen.c.obj                   18      0         0      
       copy_decompress_none.c.obj     14      0         0      
       errno.c.obj                    8       0         4      
       exit.c.obj                     4       0         0      
       pre_init.c.obj                 4       0         0      
       div0.asm.obj                   2       0         0      
    +--+------------------------------+-------+---------+---------+
       Total:                         7765    257       4      
                                                               
       Stack:                         0       0         4096   
       Linker Generated:              0       23        0      
    +--+------------------------------+-------+---------+---------+
       Grand Total:                   14705   900       4100   


LINKER GENERATED COPY TABLES

__TI_cinit_table @ 00003cf8 records: 1, size/record: 8, table size: 8
	.data: load addr=00003cf0, load size=00000007 bytes, run addr=20001000, run size=00000004 bytes, compression=lzss


LINKER GENERATED HANDLER TABLE

__TI_handler_table @ 00003ce8 records: 2, size/record: 4, table size: 8
	index: 0, handler: __TI_decompress_lzss
	index: 1, handler: __TI_decompress_none


GLOBAL SYMBOLS: SORTED ALPHABETICALLY BY Name 

address   name                          
-------   ----                          
000026ed  ATOI                          
00003be1  C$$EXIT                       
00003bbf  ResetISR                      
20001000  __STACK_END                   
00001000  __STACK_SIZE                  
20000200  __STACK_TOP                   
00003cf8  __TI_CINIT_Base               
00003d00  __TI_CINIT_Limit              
00003ce8  __TI_Handler_Table_Base       
00003cf0  __TI_Handler_Table_Limit      
00003969  __TI_auto_init_nobinit_nopinit
0000370d  __TI_decompress_lzss          
00003bb1  __TI_decompress_none          
0000382f  __TI_ltoa                     
ffffffff  __TI_pprof_out_hndl           
0000026d  __TI_printfi                  
ffffffff  __TI_prof_data_size           
ffffffff  __TI_prof_data_start          
00000000  __TI_static_base__            
00003519  __aeabi_cdcmpeq               
00003519  __aeabi_cdcmple               
0000359f  __aeabi_cdrcmple              
00003921  __aeabi_d2iz                  
000039ad  __aeabi_d2uiz                 
00002be3  __aeabi_dadd                  
00002ecd  __aeabi_ddiv                  
00003239  __aeabi_dmul                  
00002bd9  __aeabi_dsub                  
00003bd5  __aeabi_errno_addr            
00003aa5  __aeabi_i2d                   
00000cbb  __aeabi_idiv0                 
00000cbb  __aeabi_ldiv0                 
00003625  __aeabi_memclr                
00003625  __aeabi_memclr4               
00003625  __aeabi_memclr8               
000033e7  __aeabi_memcpy                
000033e7  __aeabi_memcpy4               
000033e7  __aeabi_memcpy8               
00003627  __aeabi_memset                
00003627  __aeabi_memset4               
00003627  __aeabi_memset8               
00003af7  __aeabi_ui2d                  
00003483  __aeabi_uldivmod              
ffffffff  __binit__                     
ffffffff  __c_args__                    
UNDEFED   __mpu_init                    
20000000  __stack                       
20000000  __start___llvm_prf_cnts       
20000000  __stop___llvm_prf_cnts        
00003a71  _c_int00_noargs               
00003be4  _ctypes_                      
UNDEFED   _system_post_cinit            
00003bdd  _system_pre_init              
00003be1  abort                         
000038d5  atoi                          
ffffffff  binit                         
00003b33  copysign                      
00003b33  copysignl                     
000012ed  disablePinInterrupt           
00001025  disablePinPulldown            
00000fdd  disablePinPullup              
0000181d  disablePins                   
00000d79  disablePort                   
000012c9  enablePinInterrupt            
00001001  enablePinPulldown             
00000faf  enablePinPullup               
00000cbd  enablePort                    
20001000  errno                         
00003775  frexp                         
00003775  frexpl                        
00000000  g_pfnVectors                  
00002595  getFieldInteger               
00002505  getFieldString                
00001337  getPinValue                   
000013ed  getPortValue                  
00001729  getVoltage                    
000022f9  getcUart0                     
0000230d  getsUart0                     
00001dc9  help                          
00001763  initAdc                       
00001dc1  initHw                        
0000147d  initMeasure                   
00003ba1  initSystemClockTo40Mhz        
000021fd  initUart0                     
000025fb  isCommand                     
000026d3  kbhitUart0                    
00003129  ldexp                         
00003129  ldexpl                        
00001bb1  main                          
00001801  measureAuto                   
000015c3  measureCapacitance            
000016b5  measureEsr                    
00001649  measureInductance             
0000154b  measureResistance             
00003b17  memccpy                       
000033e7  memcpy                        
0000362d  memset                        
00002627  myCompare                     
00002393  parseFields                   
000022b1  putcUart0                     
000022cd  putsUart0                     
0000187d  reIniciar                     
000017dd  readAdc                       
00003129  scalbn                        
00003129  scalbnl                       
00000ee3  selectPinAnalogInput          
00000e95  selectPinDigitalInput         
000011ff  selectPinInterruptBothEdges   
000011af  selectPinInterruptFallingEdge 
00001255  selectPinInterruptHighLevel   
0000128f  selectPinInterruptLowLevel    
0000115f  selectPinInterruptRisingEdge  
00000e47  selectPinOpenDrainOutput      
00000df9  selectPinPushPullOutput       
000017a9  setAdcMux                     
0000104d  setPinAuxFunction             
00000f33  setPinCommitControl           
00001311  setPinValue                   
00001369  setPortValue                  
00002285  setUart0BaudRate              
000039f1  sprintf                       
00003b65  strchr                        
00002677  stringCompare                 
00003b7b  strlen                        
000018fd  testBoard                     
00003ad3  waitMicrosecond               
00003b8f  wcslen                        


GLOBAL SYMBOLS: SORTED BY Symbol Address 

address   name                          
-------   ----                          
00000000  __TI_static_base__            
00000000  g_pfnVectors                  
0000026d  __TI_printfi                  
00000cbb  __aeabi_idiv0                 
00000cbb  __aeabi_ldiv0                 
00000cbd  enablePort                    
00000d79  disablePort                   
00000df9  selectPinPushPullOutput       
00000e47  selectPinOpenDrainOutput      
00000e95  selectPinDigitalInput         
00000ee3  selectPinAnalogInput          
00000f33  setPinCommitControl           
00000faf  enablePinPullup               
00000fdd  disablePinPullup              
00001000  __STACK_SIZE                  
00001001  enablePinPulldown             
00001025  disablePinPulldown            
0000104d  setPinAuxFunction             
0000115f  selectPinInterruptRisingEdge  
000011af  selectPinInterruptFallingEdge 
000011ff  selectPinInterruptBothEdges   
00001255  selectPinInterruptHighLevel   
0000128f  selectPinInterruptLowLevel    
000012c9  enablePinInterrupt            
000012ed  disablePinInterrupt           
00001311  setPinValue                   
00001337  getPinValue                   
00001369  setPortValue                  
000013ed  getPortValue                  
0000147d  initMeasure                   
0000154b  measureResistance             
000015c3  measureCapacitance            
00001649  measureInductance             
000016b5  measureEsr                    
00001729  getVoltage                    
00001763  initAdc                       
000017a9  setAdcMux                     
000017dd  readAdc                       
00001801  measureAuto                   
0000181d  disablePins                   
0000187d  reIniciar                     
000018fd  testBoard                     
00001bb1  main                          
00001dc1  initHw                        
00001dc9  help                          
000021fd  initUart0                     
00002285  setUart0BaudRate              
000022b1  putcUart0                     
000022cd  putsUart0                     
000022f9  getcUart0                     
0000230d  getsUart0                     
00002393  parseFields                   
00002505  getFieldString                
00002595  getFieldInteger               
000025fb  isCommand                     
00002627  myCompare                     
00002677  stringCompare                 
000026d3  kbhitUart0                    
000026ed  ATOI                          
00002bd9  __aeabi_dsub                  
00002be3  __aeabi_dadd                  
00002ecd  __aeabi_ddiv                  
00003129  ldexp                         
00003129  ldexpl                        
00003129  scalbn                        
00003129  scalbnl                       
00003239  __aeabi_dmul                  
000033e7  __aeabi_memcpy                
000033e7  __aeabi_memcpy4               
000033e7  __aeabi_memcpy8               
000033e7  memcpy                        
00003483  __aeabi_uldivmod              
00003519  __aeabi_cdcmpeq               
00003519  __aeabi_cdcmple               
0000359f  __aeabi_cdrcmple              
00003625  __aeabi_memclr                
00003625  __aeabi_memclr4               
00003625  __aeabi_memclr8               
00003627  __aeabi_memset                
00003627  __aeabi_memset4               
00003627  __aeabi_memset8               
0000362d  memset                        
0000370d  __TI_decompress_lzss          
00003775  frexp                         
00003775  frexpl                        
0000382f  __TI_ltoa                     
000038d5  atoi                          
00003921  __aeabi_d2iz                  
00003969  __TI_auto_init_nobinit_nopinit
000039ad  __aeabi_d2uiz                 
000039f1  sprintf                       
00003a71  _c_int00_noargs               
00003aa5  __aeabi_i2d                   
00003ad3  waitMicrosecond               
00003af7  __aeabi_ui2d                  
00003b17  memccpy                       
00003b33  copysign                      
00003b33  copysignl                     
00003b65  strchr                        
00003b7b  strlen                        
00003b8f  wcslen                        
00003ba1  initSystemClockTo40Mhz        
00003bb1  __TI_decompress_none          
00003bbf  ResetISR                      
00003bd5  __aeabi_errno_addr            
00003bdd  _system_pre_init              
00003be1  C$$EXIT                       
00003be1  abort                         
00003be4  _ctypes_                      
00003ce8  __TI_Handler_Table_Base       
00003cf0  __TI_Handler_Table_Limit      
00003cf8  __TI_CINIT_Base               
00003d00  __TI_CINIT_Limit              
20000000  __stack                       
20000000  __start___llvm_prf_cnts       
20000000  __stop___llvm_prf_cnts        
20000200  __STACK_TOP                   
20001000  __STACK_END                   
20001000  errno                         
ffffffff  __TI_pprof_out_hndl           
ffffffff  __TI_prof_data_size           
ffffffff  __TI_prof_data_start          
ffffffff  __binit__                     
ffffffff  __c_args__                    
ffffffff  binit                         
UNDEFED   __mpu_init                    
UNDEFED   _system_post_cinit            

[127 symbols]
