******************************************************************************
                  TI ARM Linker Unix v20.2.1                   
******************************************************************************
>> Linked Thu Mar 18 19:38:38 2021

OUTPUT FILE NAME:   <Embedded2Project.out>
ENTRY POINT SYMBOL: "_c_int00_noargs"  address: 00003615


MEMORY CONFIGURATION

         name            origin    length      used     unused   attr    fill
----------------------  --------  ---------  --------  --------  ----  --------
  FLASH                 00000000   00040000  00003881  0003c77f  R  X
  SRAM                  20000000   00008000  00001004  00006ffc  RW X


SEGMENT ALLOCATION MAP

run origin  load origin   length   init length attrs members
----------  ----------- ---------- ----------- ----- -------
00000000    00000000    00003888   00003888    r-x
  00000000    00000000    0000026c   0000026c    r-- .intvecs
  0000026c    0000026c    000034fc   000034fc    r-x .text
  00003768    00003768    00000101   00000101    r-- .const
  00003870    00003870    00000018   00000018    r-- .cinit
20000000    20000000    00001004   00000000    rw-
  20000000    20000000    00001000   00000000    rw- .stack
  20001000    20001000    00000004   00000000    rw- .data


SECTION ALLOCATION MAP

 output                                  attributes/
section   page    origin      length       input sections
--------  ----  ----------  ----------   ----------------
.intvecs   0    00000000    0000026c     
                  00000000    0000026c     tm4c123gh6pm_startup_ccs.obj (.intvecs)

.text      0    0000026c    000034fc     
                  0000026c    00000a4e     rtsv7M4_T_le_v4SPD16_eabi.lib : _printfi.c.obj (.text:__TI_printfi)
                  00000cba    00000002                                   : div0.asm.obj (.text)
                  00000cbc    000007c0     gpio.obj (.text)
                  0000147c    0000059c     uart0.obj (.text)
                  00001a18    000004e8     main.obj (.text)
                  00001f00    00000480     measurements.obj (.text)
                  00002380    00000270     rtsv7M4_T_le_v4SPD16_eabi.lib : _printfi.c.obj (.text:_pconv_a)
                  000025f0    000001d0                                   : _printfi.c.obj (.text:_pconv_g)
                  000027c0    000001b6                                   : fd_add_t2.asm.obj (.text)
                  00002976    00000002     --HOLE-- [fill = 0]
                  00002978    0000013c                                   : _printfi.c.obj (.text:_pconv_e)
                  00002ab4    00000136                                   : fd_div_t2.asm.obj (.text)
                  00002bea    00000002     --HOLE-- [fill = 0]
                  00002bec    00000124                                   : _printfi.c.obj (.text:fcvt)
                  00002d10    00000110                                   : s_scalbn.c.obj (.text:scalbn)
                  00002e20    000000fc                                   : fd_mul_t2.asm.obj (.text)
                  00002f1c    000000b1                                   : _printfi.c.obj (.text:_ltostr)
                  00002fcd    00000001     --HOLE-- [fill = 0]
                  00002fce    0000009c                                   : memcpy_t2.asm.obj (.text)
                  0000306a    00000096                                   : ull_div_t2.asm.obj (.text)
                  00003100    00000086                                   : fd_cmp_t2.asm.obj (.text:__aeabi_cdcmple)
                  00003186    00000086                                   : fd_cmp_t2.asm.obj (.text:__aeabi_cdrcmple)
                  0000320c    0000007a                                   : memset_t2.asm.obj (.text)
                  00003286    0000006e                                   : _printfi.c.obj (.text:_mcpy)
                  000032f4    00000068                                   : copy_decompress_lzss.c.obj (.text:decompress:lzss:__TI_decompress_lzss)
                  0000335c    00000064                                   : s_frexp.c.obj (.text:frexp)
                  000033c0    00000056                                   : _printfi.c.obj (.text:_pconv_f)
                  00003416    00000054                                   : _ltoa.c.obj (.text:__TI_ltoa)
                  0000346a    00000052                                   : _printfi.c.obj (.text:_ecpy)
                  000034bc    0000004c                                   : atoi.c.obj (.text:atoi)
                  00003508    00000048                                   : fd_toi_t2.asm.obj (.text)
                  00003550    00000044                                   : autoinit.c.obj (.text:__TI_auto_init_nobinit_nopinit:__TI_auto_init_nobinit_nopinit)
                  00003594    00000040                                   : sprintf.c.obj (.text:sprintf)
                  000035d4    0000003e                                   : _printfi.c.obj (.text:_fcpy)
                  00003612    00000002     --HOLE-- [fill = 0]
                  00003614    00000034                                   : boot_cortex_m.c.obj (.text:_c_int00_noargs:_c_int00_noargs)
                  00003648    0000002e                                   : i_tofd_t2.asm.obj (.text)
                  00003676    00000024     wait.obj (.text)
                  0000369a    0000001c     rtsv7M4_T_le_v4SPD16_eabi.lib : memccpy.c.obj (.text:memccpy)
                  000036b6    0000001a                                   : s_copysign.c.obj (.text:copysign)
                  000036d0    00000018                                   : sprintf.c.obj (.text:_outs)
                  000036e8    00000016                                   : strchr.c.obj (.text:strchr)
                  000036fe    00000014                                   : strlen.c.obj (.text:strlen)
                  00003712    00000012                                   : wcslen.c.obj (.text:wcslen)
                  00003724    00000010     clock.obj (.text)
                  00003734    0000000e     rtsv7M4_T_le_v4SPD16_eabi.lib : copy_decompress_none.c.obj (.text:decompress:none:__TI_decompress_none)
                  00003742    0000000c     tm4c123gh6pm_startup_ccs.obj (.text)
                  0000374e    0000000a     rtsv7M4_T_le_v4SPD16_eabi.lib : sprintf.c.obj (.text:_outc)
                  00003758    00000008                                   : errno.c.obj (.text:__aeabi_errno_addr)
                  00003760    00000004                                   : pre_init.c.obj (.text:_system_pre_init)
                  00003764    00000004                                   : exit.c.obj (.text:abort:abort)

.const     0    00003768    00000101     
                  00003768    00000101     rtsv7M4_T_le_v4SPD16_eabi.lib : ctype.c.obj (.const:.string:_ctypes_)

.cinit     0    00003870    00000018     
                  00003870    00000008     (__TI_handler_table)
                  00003878    00000007     (.cinit..data.load) [load image, compression = lzss]
                  0000387f    00000001     --HOLE-- [fill = 0]
                  00003880    00000008     (__TI_cinit_table)

.init_array 
*          0    00000000    00000000     UNINITIALIZED

.data      0    20001000    00000004     UNINITIALIZED
                  20001000    00000004     rtsv7M4_T_le_v4SPD16_eabi.lib : errno.c.obj (.data)

.stack     0    20000000    00001000     UNINITIALIZED
                  20000000    00000004     rtsv7M4_T_le_v4SPD16_eabi.lib : boot_cortex_m.c.obj (.stack)
                  20000004    00000ffc     --HOLE--

__llvm_prf_cnts 
*          0    20000000    00000000     UNINITIALIZED

MODULE SUMMARY

       Module                         code    ro data   rw data
       ------                         ----    -------   -------
    ./
       gpio.obj                       1984    0         0      
       uart0.obj                      1436    0         0      
       main.obj                       1256    0         0      
       measurements.obj               1152    0         0      
       tm4c123gh6pm_startup_ccs.obj   12      620       0      
       wait.obj                       36      0         0      
       clock.obj                      16      0         0      
    +--+------------------------------+-------+---------+---------+
       Total:                         5892    620       0      
                                                               
    /Applications/ti/ccs1010/ccs/tools/compiler/ti-cgt-arm_20.2.1.LTS/lib/rtsv7M4_T_le_v4SPD16_eabi.lib
       _printfi.c.obj                 4851    0         0      
       fd_add_t2.asm.obj              438     0         0      
       fd_div_t2.asm.obj              310     0         0      
       s_scalbn.c.obj                 272     0         0      
       fd_cmp_t2.asm.obj              268     0         0      
       ctype.c.obj                    0       257       0      
       fd_mul_t2.asm.obj              252     0         0      
       memcpy_t2.asm.obj              156     0         0      
       ull_div_t2.asm.obj             150     0         0      
       memset_t2.asm.obj              122     0         0      
       copy_decompress_lzss.c.obj     104     0         0      
       s_frexp.c.obj                  100     0         0      
       sprintf.c.obj                  98      0         0      
       _ltoa.c.obj                    84      0         0      
       atoi.c.obj                     76      0         0      
       fd_toi_t2.asm.obj              72      0         0      
       autoinit.c.obj                 68      0         0      
       boot_cortex_m.c.obj            52      0         0      
       i_tofd_t2.asm.obj              46      0         0      
       memccpy.c.obj                  28      0         0      
       s_copysign.c.obj               26      0         0      
       strchr.c.obj                   22      0         0      
       strlen.c.obj                   20      0         0      
       wcslen.c.obj                   18      0         0      
       copy_decompress_none.c.obj     14      0         0      
       errno.c.obj                    8       0         4      
       exit.c.obj                     4       0         0      
       pre_init.c.obj                 4       0         0      
       div0.asm.obj                   2       0         0      
    +--+------------------------------+-------+---------+---------+
       Total:                         7665    257       4      
                                                               
       Stack:                         0       0         4096   
       Linker Generated:              0       23        0      
    +--+------------------------------+-------+---------+---------+
       Grand Total:                   13557   900       4100   


LINKER GENERATED COPY TABLES

__TI_cinit_table @ 00003880 records: 1, size/record: 8, table size: 8
	.data: load addr=00003878, load size=00000007 bytes, run addr=20001000, run size=00000004 bytes, compression=lzss


LINKER GENERATED HANDLER TABLE

__TI_handler_table @ 00003870 records: 2, size/record: 4, table size: 8
	index: 0, handler: __TI_decompress_lzss
	index: 1, handler: __TI_decompress_none


GLOBAL SYMBOLS: SORTED ALPHABETICALLY BY Name 

address   name                          
-------   ----                          
0000196d  ATOI                          
00003765  C$$EXIT                       
00003743  ResetISR                      
20001000  __STACK_END                   
00001000  __STACK_SIZE                  
20000200  __STACK_TOP                   
00003880  __TI_CINIT_Base               
00003888  __TI_CINIT_Limit              
00003870  __TI_Handler_Table_Base       
00003878  __TI_Handler_Table_Limit      
00003551  __TI_auto_init_nobinit_nopinit
000032f5  __TI_decompress_lzss          
00003735  __TI_decompress_none          
00003417  __TI_ltoa                     
ffffffff  __TI_pprof_out_hndl           
0000026d  __TI_printfi                  
ffffffff  __TI_prof_data_size           
ffffffff  __TI_prof_data_start          
00000000  __TI_static_base__            
00003101  __aeabi_cdcmpeq               
00003101  __aeabi_cdcmple               
00003187  __aeabi_cdrcmple              
00003509  __aeabi_d2iz                  
000027cb  __aeabi_dadd                  
00002ab5  __aeabi_ddiv                  
00002e21  __aeabi_dmul                  
000027c1  __aeabi_dsub                  
00003759  __aeabi_errno_addr            
00003649  __aeabi_i2d                   
00000cbb  __aeabi_idiv0                 
00000cbb  __aeabi_ldiv0                 
0000320d  __aeabi_memclr                
0000320d  __aeabi_memclr4               
0000320d  __aeabi_memclr8               
00002fcf  __aeabi_memcpy                
00002fcf  __aeabi_memcpy4               
00002fcf  __aeabi_memcpy8               
0000320f  __aeabi_memset                
0000320f  __aeabi_memset4               
0000320f  __aeabi_memset8               
0000306b  __aeabi_uldivmod              
ffffffff  __binit__                     
ffffffff  __c_args__                    
UNDEFED   __mpu_init                    
20000000  __stack                       
20000000  __start___llvm_prf_cnts       
20000000  __stop___llvm_prf_cnts        
00003615  _c_int00_noargs               
00003768  _ctypes_                      
UNDEFED   _system_post_cinit            
00003761  _system_pre_init              
00003765  abort                         
000034bd  atoi                          
ffffffff  binit                         
000036b7  copysign                      
000036b7  copysignl                     
000012ed  disablePinInterrupt           
00001025  disablePinPulldown            
00000fdd  disablePinPullup              
00002053  disablePins                   
00000d79  disablePort                   
000012c9  enablePinInterrupt            
00001001  enablePinPulldown             
00000faf  enablePinPullup               
00000cbd  enablePort                    
20001000  errno                         
0000335d  frexp                         
0000335d  frexpl                        
00000000  g_pfnVectors                  
00001815  getFieldInteger               
00001785  getFieldString                
00001337  getPinValue                   
000013ed  getPortValue                  
00001579  getcUart0                     
0000158d  getsUart0                     
00001bbd  help                          
00001bb5  initHw                        
00001f01  initMeasure                   
00003725  initSystemClockTo40Mhz        
0000147d  initUart0                     
0000187b  isCommand                     
00001953  kbhitUart0                    
00002d11  ldexp                         
00002d11  ldexpl                        
00001a19  main                          
0000203b  measureCapacitance            
00002047  measureInductance             
00001fc5  measureResistance             
0000369b  memccpy                       
00002fcf  memcpy                        
00003215  memset                        
000018a7  myCompare                     
00001613  parseFields                   
00001531  putcUart0                     
0000154d  putsUart0                     
0000209d  reIniciar                     
00002d11  scalbn                        
00002d11  scalbnl                       
00000ee3  selectPinAnalogInput          
00000e95  selectPinDigitalInput         
000011ff  selectPinInterruptBothEdges   
000011af  selectPinInterruptFallingEdge 
00001255  selectPinInterruptHighLevel   
0000128f  selectPinInterruptLowLevel    
0000115f  selectPinInterruptRisingEdge  
00000e47  selectPinOpenDrainOutput      
00000df9  selectPinPushPullOutput       
0000104d  setPinAuxFunction             
00000f33  setPinCommitControl           
00001311  setPinValue                   
00001369  setPortValue                  
00001505  setUart0BaudRate              
00003595  sprintf                       
000036e9  strchr                        
000018f7  stringCompare                 
000036ff  strlen                        
000020b5  testBoard                     
00003677  waitMicrosecond               
00003713  wcslen                        


GLOBAL SYMBOLS: SORTED BY Symbol Address 

address   name                          
-------   ----                          
00000000  __TI_static_base__            
00000000  g_pfnVectors                  
0000026d  __TI_printfi                  
00000cbb  __aeabi_idiv0                 
00000cbb  __aeabi_ldiv0                 
00000cbd  enablePort                    
00000d79  disablePort                   
00000df9  selectPinPushPullOutput       
00000e47  selectPinOpenDrainOutput      
00000e95  selectPinDigitalInput         
00000ee3  selectPinAnalogInput          
00000f33  setPinCommitControl           
00000faf  enablePinPullup               
00000fdd  disablePinPullup              
00001000  __STACK_SIZE                  
00001001  enablePinPulldown             
00001025  disablePinPulldown            
0000104d  setPinAuxFunction             
0000115f  selectPinInterruptRisingEdge  
000011af  selectPinInterruptFallingEdge 
000011ff  selectPinInterruptBothEdges   
00001255  selectPinInterruptHighLevel   
0000128f  selectPinInterruptLowLevel    
000012c9  enablePinInterrupt            
000012ed  disablePinInterrupt           
00001311  setPinValue                   
00001337  getPinValue                   
00001369  setPortValue                  
000013ed  getPortValue                  
0000147d  initUart0                     
00001505  setUart0BaudRate              
00001531  putcUart0                     
0000154d  putsUart0                     
00001579  getcUart0                     
0000158d  getsUart0                     
00001613  parseFields                   
00001785  getFieldString                
00001815  getFieldInteger               
0000187b  isCommand                     
000018a7  myCompare                     
000018f7  stringCompare                 
00001953  kbhitUart0                    
0000196d  ATOI                          
00001a19  main                          
00001bb5  initHw                        
00001bbd  help                          
00001f01  initMeasure                   
00001fc5  measureResistance             
0000203b  measureCapacitance            
00002047  measureInductance             
00002053  disablePins                   
0000209d  reIniciar                     
000020b5  testBoard                     
000027c1  __aeabi_dsub                  
000027cb  __aeabi_dadd                  
00002ab5  __aeabi_ddiv                  
00002d11  ldexp                         
00002d11  ldexpl                        
00002d11  scalbn                        
00002d11  scalbnl                       
00002e21  __aeabi_dmul                  
00002fcf  __aeabi_memcpy                
00002fcf  __aeabi_memcpy4               
00002fcf  __aeabi_memcpy8               
00002fcf  memcpy                        
0000306b  __aeabi_uldivmod              
00003101  __aeabi_cdcmpeq               
00003101  __aeabi_cdcmple               
00003187  __aeabi_cdrcmple              
0000320d  __aeabi_memclr                
0000320d  __aeabi_memclr4               
0000320d  __aeabi_memclr8               
0000320f  __aeabi_memset                
0000320f  __aeabi_memset4               
0000320f  __aeabi_memset8               
00003215  memset                        
000032f5  __TI_decompress_lzss          
0000335d  frexp                         
0000335d  frexpl                        
00003417  __TI_ltoa                     
000034bd  atoi                          
00003509  __aeabi_d2iz                  
00003551  __TI_auto_init_nobinit_nopinit
00003595  sprintf                       
00003615  _c_int00_noargs               
00003649  __aeabi_i2d                   
00003677  waitMicrosecond               
0000369b  memccpy                       
000036b7  copysign                      
000036b7  copysignl                     
000036e9  strchr                        
000036ff  strlen                        
00003713  wcslen                        
00003725  initSystemClockTo40Mhz        
00003735  __TI_decompress_none          
00003743  ResetISR                      
00003759  __aeabi_errno_addr            
00003761  _system_pre_init              
00003765  C$$EXIT                       
00003765  abort                         
00003768  _ctypes_                      
00003870  __TI_Handler_Table_Base       
00003878  __TI_Handler_Table_Limit      
00003880  __TI_CINIT_Base               
00003888  __TI_CINIT_Limit              
20000000  __stack                       
20000000  __start___llvm_prf_cnts       
20000000  __stop___llvm_prf_cnts        
20000200  __STACK_TOP                   
20001000  __STACK_END                   
20001000  errno                         
ffffffff  __TI_pprof_out_hndl           
ffffffff  __TI_prof_data_size           
ffffffff  __TI_prof_data_start          
ffffffff  __binit__                     
ffffffff  __c_args__                    
ffffffff  binit                         
UNDEFED   __mpu_init                    
UNDEFED   _system_post_cinit            

[119 symbols]
