******************************************************************************
                  TI ARM Linker Unix v20.2.1                   
******************************************************************************
>> Linked Thu Mar 18 19:15:31 2021

OUTPUT FILE NAME:   <Embedded2Project.out>
ENTRY POINT SYMBOL: "_c_int00_noargs"  address: 000033d5


MEMORY CONFIGURATION

         name            origin    length      used     unused   attr    fill
----------------------  --------  ---------  --------  --------  ----  --------
  FLASH                 00000000   00040000  00003641  0003c9bf  R  X
  SRAM                  20000000   00008000  00001004  00006ffc  RW X


SEGMENT ALLOCATION MAP

run origin  load origin   length   init length attrs members
----------  ----------- ---------- ----------- ----- -------
00000000    00000000    00003648   00003648    r-x
  00000000    00000000    0000026c   0000026c    r-- .intvecs
  0000026c    0000026c    000032bc   000032bc    r-x .text
  00003528    00003528    00000101   00000101    r-- .const
  00003630    00003630    00000018   00000018    r-- .cinit
20000000    20000000    00001004   00000000    rw-
  20000000    20000000    00001000   00000000    rw- .stack
  20001000    20001000    00000004   00000000    rw- .data


SECTION ALLOCATION MAP

 output                                  attributes/
section   page    origin      length       input sections
--------  ----  ----------  ----------   ----------------
.intvecs   0    00000000    0000026c     
                  00000000    0000026c     tm4c123gh6pm_startup_ccs.obj (.intvecs)

.text      0    0000026c    000032bc     
                  0000026c    00000a4e     rtsv7M4_T_le_v4SPD16_eabi.lib : _printfi.c.obj (.text:__TI_printfi)
                  00000cba    00000002                                   : div0.asm.obj (.text)
                  00000cbc    000007c0     gpio.obj (.text)
                  0000147c    0000059c     uart0.obj (.text)
                  00001a18    00000478     measurements.obj (.text)
                  00001e90    000002b0     main.obj (.text)
                  00002140    00000270     rtsv7M4_T_le_v4SPD16_eabi.lib : _printfi.c.obj (.text:_pconv_a)
                  000023b0    000001d0                                   : _printfi.c.obj (.text:_pconv_g)
                  00002580    000001b6                                   : fd_add_t2.asm.obj (.text)
                  00002736    00000002     --HOLE-- [fill = 0]
                  00002738    0000013c                                   : _printfi.c.obj (.text:_pconv_e)
                  00002874    00000136                                   : fd_div_t2.asm.obj (.text)
                  000029aa    00000002     --HOLE-- [fill = 0]
                  000029ac    00000124                                   : _printfi.c.obj (.text:fcvt)
                  00002ad0    00000110                                   : s_scalbn.c.obj (.text:scalbn)
                  00002be0    000000fc                                   : fd_mul_t2.asm.obj (.text)
                  00002cdc    000000b1                                   : _printfi.c.obj (.text:_ltostr)
                  00002d8d    00000001     --HOLE-- [fill = 0]
                  00002d8e    0000009c                                   : memcpy_t2.asm.obj (.text)
                  00002e2a    00000096                                   : ull_div_t2.asm.obj (.text)
                  00002ec0    00000086                                   : fd_cmp_t2.asm.obj (.text:__aeabi_cdcmple)
                  00002f46    00000086                                   : fd_cmp_t2.asm.obj (.text:__aeabi_cdrcmple)
                  00002fcc    0000007a                                   : memset_t2.asm.obj (.text)
                  00003046    0000006e                                   : _printfi.c.obj (.text:_mcpy)
                  000030b4    00000068                                   : copy_decompress_lzss.c.obj (.text:decompress:lzss:__TI_decompress_lzss)
                  0000311c    00000064                                   : s_frexp.c.obj (.text:frexp)
                  00003180    00000056                                   : _printfi.c.obj (.text:_pconv_f)
                  000031d6    00000054                                   : _ltoa.c.obj (.text:__TI_ltoa)
                  0000322a    00000052                                   : _printfi.c.obj (.text:_ecpy)
                  0000327c    0000004c                                   : atoi.c.obj (.text:atoi)
                  000032c8    00000048                                   : fd_toi_t2.asm.obj (.text)
                  00003310    00000044                                   : autoinit.c.obj (.text:__TI_auto_init_nobinit_nopinit:__TI_auto_init_nobinit_nopinit)
                  00003354    00000040                                   : sprintf.c.obj (.text:sprintf)
                  00003394    0000003e                                   : _printfi.c.obj (.text:_fcpy)
                  000033d2    00000002     --HOLE-- [fill = 0]
                  000033d4    00000034                                   : boot_cortex_m.c.obj (.text:_c_int00_noargs:_c_int00_noargs)
                  00003408    0000002e                                   : i_tofd_t2.asm.obj (.text)
                  00003436    00000024     wait.obj (.text)
                  0000345a    0000001c     rtsv7M4_T_le_v4SPD16_eabi.lib : memccpy.c.obj (.text:memccpy)
                  00003476    0000001a                                   : s_copysign.c.obj (.text:copysign)
                  00003490    00000018                                   : sprintf.c.obj (.text:_outs)
                  000034a8    00000016                                   : strchr.c.obj (.text:strchr)
                  000034be    00000014                                   : strlen.c.obj (.text:strlen)
                  000034d2    00000012                                   : wcslen.c.obj (.text:wcslen)
                  000034e4    00000010     clock.obj (.text)
                  000034f4    0000000e     rtsv7M4_T_le_v4SPD16_eabi.lib : copy_decompress_none.c.obj (.text:decompress:none:__TI_decompress_none)
                  00003502    0000000c     tm4c123gh6pm_startup_ccs.obj (.text)
                  0000350e    0000000a     rtsv7M4_T_le_v4SPD16_eabi.lib : sprintf.c.obj (.text:_outc)
                  00003518    00000008                                   : errno.c.obj (.text:__aeabi_errno_addr)
                  00003520    00000004                                   : pre_init.c.obj (.text:_system_pre_init)
                  00003524    00000004                                   : exit.c.obj (.text:abort:abort)

.const     0    00003528    00000101     
                  00003528    00000101     rtsv7M4_T_le_v4SPD16_eabi.lib : ctype.c.obj (.const:.string:_ctypes_)

.cinit     0    00003630    00000018     
                  00003630    00000008     (__TI_handler_table)
                  00003638    00000007     (.cinit..data.load) [load image, compression = lzss]
                  0000363f    00000001     --HOLE-- [fill = 0]
                  00003640    00000008     (__TI_cinit_table)

.init_array 
*          0    00000000    00000000     UNINITIALIZED

.data      0    20001000    00000004     UNINITIALIZED
                  20001000    00000004     rtsv7M4_T_le_v4SPD16_eabi.lib : errno.c.obj (.data)

.stack     0    20000000    00001000     UNINITIALIZED
                  20000000    00000004     rtsv7M4_T_le_v4SPD16_eabi.lib : boot_cortex_m.c.obj (.stack)
                  20000004    00000ffc     --HOLE--

__llvm_prf_cnts 
*          0    20000000    00000000     UNINITIALIZED

MODULE SUMMARY

       Module                         code    ro data   rw data
       ------                         ----    -------   -------
    ./
       gpio.obj                       1984    0         0      
       uart0.obj                      1436    0         0      
       measurements.obj               1144    0         0      
       main.obj                       688     0         0      
       tm4c123gh6pm_startup_ccs.obj   12      620       0      
       wait.obj                       36      0         0      
       clock.obj                      16      0         0      
    +--+------------------------------+-------+---------+---------+
       Total:                         5316    620       0      
                                                               
    /Applications/ti/ccs1010/ccs/tools/compiler/ti-cgt-arm_20.2.1.LTS/lib/rtsv7M4_T_le_v4SPD16_eabi.lib
       _printfi.c.obj                 4851    0         0      
       fd_add_t2.asm.obj              438     0         0      
       fd_div_t2.asm.obj              310     0         0      
       s_scalbn.c.obj                 272     0         0      
       fd_cmp_t2.asm.obj              268     0         0      
       ctype.c.obj                    0       257       0      
       fd_mul_t2.asm.obj              252     0         0      
       memcpy_t2.asm.obj              156     0         0      
       ull_div_t2.asm.obj             150     0         0      
       memset_t2.asm.obj              122     0         0      
       copy_decompress_lzss.c.obj     104     0         0      
       s_frexp.c.obj                  100     0         0      
       sprintf.c.obj                  98      0         0      
       _ltoa.c.obj                    84      0         0      
       atoi.c.obj                     76      0         0      
       fd_toi_t2.asm.obj              72      0         0      
       autoinit.c.obj                 68      0         0      
       boot_cortex_m.c.obj            52      0         0      
       i_tofd_t2.asm.obj              46      0         0      
       memccpy.c.obj                  28      0         0      
       s_copysign.c.obj               26      0         0      
       strchr.c.obj                   22      0         0      
       strlen.c.obj                   20      0         0      
       wcslen.c.obj                   18      0         0      
       copy_decompress_none.c.obj     14      0         0      
       errno.c.obj                    8       0         4      
       exit.c.obj                     4       0         0      
       pre_init.c.obj                 4       0         0      
       div0.asm.obj                   2       0         0      
    +--+------------------------------+-------+---------+---------+
       Total:                         7665    257       4      
                                                               
       Stack:                         0       0         4096   
       Linker Generated:              0       23        0      
    +--+------------------------------+-------+---------+---------+
       Grand Total:                   12981   900       4100   


LINKER GENERATED COPY TABLES

__TI_cinit_table @ 00003640 records: 1, size/record: 8, table size: 8
	.data: load addr=00003638, load size=00000007 bytes, run addr=20001000, run size=00000004 bytes, compression=lzss


LINKER GENERATED HANDLER TABLE

__TI_handler_table @ 00003630 records: 2, size/record: 4, table size: 8
	index: 0, handler: __TI_decompress_lzss
	index: 1, handler: __TI_decompress_none


GLOBAL SYMBOLS: SORTED ALPHABETICALLY BY Name 

address   name                          
-------   ----                          
0000196d  ATOI                          
00003525  C$$EXIT                       
00003503  ResetISR                      
20001000  __STACK_END                   
00001000  __STACK_SIZE                  
20000200  __STACK_TOP                   
00003640  __TI_CINIT_Base               
00003648  __TI_CINIT_Limit              
00003630  __TI_Handler_Table_Base       
00003638  __TI_Handler_Table_Limit      
00003311  __TI_auto_init_nobinit_nopinit
000030b5  __TI_decompress_lzss          
000034f5  __TI_decompress_none          
000031d7  __TI_ltoa                     
ffffffff  __TI_pprof_out_hndl           
0000026d  __TI_printfi                  
ffffffff  __TI_prof_data_size           
ffffffff  __TI_prof_data_start          
00000000  __TI_static_base__            
00002ec1  __aeabi_cdcmpeq               
00002ec1  __aeabi_cdcmple               
00002f47  __aeabi_cdrcmple              
000032c9  __aeabi_d2iz                  
0000258b  __aeabi_dadd                  
00002875  __aeabi_ddiv                  
00002be1  __aeabi_dmul                  
00002581  __aeabi_dsub                  
00003519  __aeabi_errno_addr            
00003409  __aeabi_i2d                   
00000cbb  __aeabi_idiv0                 
00000cbb  __aeabi_ldiv0                 
00002fcd  __aeabi_memclr                
00002fcd  __aeabi_memclr4               
00002fcd  __aeabi_memclr8               
00002d8f  __aeabi_memcpy                
00002d8f  __aeabi_memcpy4               
00002d8f  __aeabi_memcpy8               
00002fcf  __aeabi_memset                
00002fcf  __aeabi_memset4               
00002fcf  __aeabi_memset8               
00002e2b  __aeabi_uldivmod              
ffffffff  __binit__                     
ffffffff  __c_args__                    
UNDEFED   __mpu_init                    
20000000  __stack                       
20000000  __start___llvm_prf_cnts       
20000000  __stop___llvm_prf_cnts        
000033d5  _c_int00_noargs               
00003528  _ctypes_                      
UNDEFED   _system_post_cinit            
00003521  _system_pre_init              
00003525  abort                         
0000327d  atoi                          
ffffffff  binit                         
00003477  copysign                      
00003477  copysignl                     
000012ed  disablePinInterrupt           
00001025  disablePinPulldown            
00000fdd  disablePinPullup              
00001b5f  disablePins                   
00000d79  disablePort                   
000012c9  enablePinInterrupt            
00001001  enablePinPulldown             
00000faf  enablePinPullup               
00000cbd  enablePort                    
20001000  errno                         
0000311d  frexp                         
0000311d  frexpl                        
00000000  g_pfnVectors                  
00001815  getFieldInteger               
00001785  getFieldString                
00001337  getPinValue                   
000013ed  getPortValue                  
00001579  getcUart0                     
0000158d  getsUart0                     
00001fed  help                          
00001fe5  initHw                        
00001a19  initMeasure                   
000034e5  initSystemClockTo40Mhz        
0000147d  initUart0                     
0000187b  isCommand                     
00001953  kbhitUart0                    
00002ad1  ldexp                         
00002ad1  ldexpl                        
00001e91  main                          
00001b53  measureCapacitance            
00001add  measureResistance             
0000345b  memccpy                       
00002d8f  memcpy                        
00002fd5  memset                        
000018a7  myCompare                     
00001613  parseFields                   
00001531  putcUart0                     
0000154d  putsUart0                     
00001ba9  reIniciar                     
00002ad1  scalbn                        
00002ad1  scalbnl                       
00000ee3  selectPinAnalogInput          
00000e95  selectPinDigitalInput         
000011ff  selectPinInterruptBothEdges   
000011af  selectPinInterruptFallingEdge 
00001255  selectPinInterruptHighLevel   
0000128f  selectPinInterruptLowLevel    
0000115f  selectPinInterruptRisingEdge  
00000e47  selectPinOpenDrainOutput      
00000df9  selectPinPushPullOutput       
0000104d  setPinAuxFunction             
00000f33  setPinCommitControl           
00001311  setPinValue                   
00001369  setPortValue                  
00001505  setUart0BaudRate              
00003355  sprintf                       
000034a9  strchr                        
000018f7  stringCompare                 
000034bf  strlen                        
00001bc1  testBoard                     
00003437  waitMicrosecond               
000034d3  wcslen                        


GLOBAL SYMBOLS: SORTED BY Symbol Address 

address   name                          
-------   ----                          
00000000  __TI_static_base__            
00000000  g_pfnVectors                  
0000026d  __TI_printfi                  
00000cbb  __aeabi_idiv0                 
00000cbb  __aeabi_ldiv0                 
00000cbd  enablePort                    
00000d79  disablePort                   
00000df9  selectPinPushPullOutput       
00000e47  selectPinOpenDrainOutput      
00000e95  selectPinDigitalInput         
00000ee3  selectPinAnalogInput          
00000f33  setPinCommitControl           
00000faf  enablePinPullup               
00000fdd  disablePinPullup              
00001000  __STACK_SIZE                  
00001001  enablePinPulldown             
00001025  disablePinPulldown            
0000104d  setPinAuxFunction             
0000115f  selectPinInterruptRisingEdge  
000011af  selectPinInterruptFallingEdge 
000011ff  selectPinInterruptBothEdges   
00001255  selectPinInterruptHighLevel   
0000128f  selectPinInterruptLowLevel    
000012c9  enablePinInterrupt            
000012ed  disablePinInterrupt           
00001311  setPinValue                   
00001337  getPinValue                   
00001369  setPortValue                  
000013ed  getPortValue                  
0000147d  initUart0                     
00001505  setUart0BaudRate              
00001531  putcUart0                     
0000154d  putsUart0                     
00001579  getcUart0                     
0000158d  getsUart0                     
00001613  parseFields                   
00001785  getFieldString                
00001815  getFieldInteger               
0000187b  isCommand                     
000018a7  myCompare                     
000018f7  stringCompare                 
00001953  kbhitUart0                    
0000196d  ATOI                          
00001a19  initMeasure                   
00001add  measureResistance             
00001b53  measureCapacitance            
00001b5f  disablePins                   
00001ba9  reIniciar                     
00001bc1  testBoard                     
00001e91  main                          
00001fe5  initHw                        
00001fed  help                          
00002581  __aeabi_dsub                  
0000258b  __aeabi_dadd                  
00002875  __aeabi_ddiv                  
00002ad1  ldexp                         
00002ad1  ldexpl                        
00002ad1  scalbn                        
00002ad1  scalbnl                       
00002be1  __aeabi_dmul                  
00002d8f  __aeabi_memcpy                
00002d8f  __aeabi_memcpy4               
00002d8f  __aeabi_memcpy8               
00002d8f  memcpy                        
00002e2b  __aeabi_uldivmod              
00002ec1  __aeabi_cdcmpeq               
00002ec1  __aeabi_cdcmple               
00002f47  __aeabi_cdrcmple              
00002fcd  __aeabi_memclr                
00002fcd  __aeabi_memclr4               
00002fcd  __aeabi_memclr8               
00002fcf  __aeabi_memset                
00002fcf  __aeabi_memset4               
00002fcf  __aeabi_memset8               
00002fd5  memset                        
000030b5  __TI_decompress_lzss          
0000311d  frexp                         
0000311d  frexpl                        
000031d7  __TI_ltoa                     
0000327d  atoi                          
000032c9  __aeabi_d2iz                  
00003311  __TI_auto_init_nobinit_nopinit
00003355  sprintf                       
000033d5  _c_int00_noargs               
00003409  __aeabi_i2d                   
00003437  waitMicrosecond               
0000345b  memccpy                       
00003477  copysign                      
00003477  copysignl                     
000034a9  strchr                        
000034bf  strlen                        
000034d3  wcslen                        
000034e5  initSystemClockTo40Mhz        
000034f5  __TI_decompress_none          
00003503  ResetISR                      
00003519  __aeabi_errno_addr            
00003521  _system_pre_init              
00003525  C$$EXIT                       
00003525  abort                         
00003528  _ctypes_                      
00003630  __TI_Handler_Table_Base       
00003638  __TI_Handler_Table_Limit      
00003640  __TI_CINIT_Base               
00003648  __TI_CINIT_Limit              
20000000  __stack                       
20000000  __start___llvm_prf_cnts       
20000000  __stop___llvm_prf_cnts        
20000200  __STACK_TOP                   
20001000  __STACK_END                   
20001000  errno                         
ffffffff  __TI_pprof_out_hndl           
ffffffff  __TI_prof_data_size           
ffffffff  __TI_prof_data_start          
ffffffff  __binit__                     
ffffffff  __c_args__                    
ffffffff  binit                         
UNDEFED   __mpu_init                    
UNDEFED   _system_post_cinit            

[118 symbols]
