******************************************************************************
                  TI ARM Linker Unix v20.2.1                   
******************************************************************************
>> Linked Thu Mar 18 18:25:51 2021

OUTPUT FILE NAME:   <Embedded2Project.out>
ENTRY POINT SYMBOL: "_c_int00_noargs"  address: 00003379


MEMORY CONFIGURATION

         name            origin    length      used     unused   attr    fill
----------------------  --------  ---------  --------  --------  ----  --------
  FLASH                 00000000   00040000  000035e5  0003ca1b  R  X
  SRAM                  20000000   00008000  00001004  00006ffc  RW X


SEGMENT ALLOCATION MAP

run origin  load origin   length   init length attrs members
----------  ----------- ---------- ----------- ----- -------
00000000    00000000    000035e8   000035e8    r-x
  00000000    00000000    0000026c   0000026c    r-- .intvecs
  0000026c    0000026c    00003260   00003260    r-x .text
  000034cc    000034cc    00000101   00000101    r-- .const
  000035d0    000035d0    00000018   00000018    r-- .cinit
20000000    20000000    00001004   00000000    rw-
  20000000    20000000    00001000   00000000    rw- .stack
  20001000    20001000    00000004   00000000    rw- .data


SECTION ALLOCATION MAP

 output                                  attributes/
section   page    origin      length       input sections
--------  ----  ----------  ----------   ----------------
.intvecs   0    00000000    0000026c     
                  00000000    0000026c     tm4c123gh6pm_startup_ccs.obj (.intvecs)

.text      0    0000026c    00003260     
                  0000026c    00000a4e     rtsv7M4_T_le_v4SPD16_eabi.lib : _printfi.c.obj (.text:__TI_printfi)
                  00000cba    00000002                                   : div0.asm.obj (.text)
                  00000cbc    000007c0     gpio.obj (.text)
                  0000147c    0000059c     uart0.obj (.text)
                  00001a18    0000046c     measurements.obj (.text)
                  00001e84    00000270     rtsv7M4_T_le_v4SPD16_eabi.lib : _printfi.c.obj (.text:_pconv_a)
                  000020f4    00000260     main.obj (.text)
                  00002354    000001d0     rtsv7M4_T_le_v4SPD16_eabi.lib : _printfi.c.obj (.text:_pconv_g)
                  00002524    000001b6                                   : fd_add_t2.asm.obj (.text)
                  000026da    00000002     --HOLE-- [fill = 0]
                  000026dc    0000013c                                   : _printfi.c.obj (.text:_pconv_e)
                  00002818    00000136                                   : fd_div_t2.asm.obj (.text)
                  0000294e    00000002     --HOLE-- [fill = 0]
                  00002950    00000124                                   : _printfi.c.obj (.text:fcvt)
                  00002a74    00000110                                   : s_scalbn.c.obj (.text:scalbn)
                  00002b84    000000fc                                   : fd_mul_t2.asm.obj (.text)
                  00002c80    000000b1                                   : _printfi.c.obj (.text:_ltostr)
                  00002d31    00000001     --HOLE-- [fill = 0]
                  00002d32    0000009c                                   : memcpy_t2.asm.obj (.text)
                  00002dce    00000096                                   : ull_div_t2.asm.obj (.text)
                  00002e64    00000086                                   : fd_cmp_t2.asm.obj (.text:__aeabi_cdcmple)
                  00002eea    00000086                                   : fd_cmp_t2.asm.obj (.text:__aeabi_cdrcmple)
                  00002f70    0000007a                                   : memset_t2.asm.obj (.text)
                  00002fea    0000006e                                   : _printfi.c.obj (.text:_mcpy)
                  00003058    00000068                                   : copy_decompress_lzss.c.obj (.text:decompress:lzss:__TI_decompress_lzss)
                  000030c0    00000064                                   : s_frexp.c.obj (.text:frexp)
                  00003124    00000056                                   : _printfi.c.obj (.text:_pconv_f)
                  0000317a    00000054                                   : _ltoa.c.obj (.text:__TI_ltoa)
                  000031ce    00000052                                   : _printfi.c.obj (.text:_ecpy)
                  00003220    0000004c                                   : atoi.c.obj (.text:atoi)
                  0000326c    00000048                                   : fd_toi_t2.asm.obj (.text)
                  000032b4    00000044                                   : autoinit.c.obj (.text:__TI_auto_init_nobinit_nopinit:__TI_auto_init_nobinit_nopinit)
                  000032f8    00000040                                   : sprintf.c.obj (.text:sprintf)
                  00003338    0000003e                                   : _printfi.c.obj (.text:_fcpy)
                  00003376    00000002     --HOLE-- [fill = 0]
                  00003378    00000034                                   : boot_cortex_m.c.obj (.text:_c_int00_noargs:_c_int00_noargs)
                  000033ac    0000002e                                   : i_tofd_t2.asm.obj (.text)
                  000033da    00000024     wait.obj (.text)
                  000033fe    0000001c     rtsv7M4_T_le_v4SPD16_eabi.lib : memccpy.c.obj (.text:memccpy)
                  0000341a    0000001a                                   : s_copysign.c.obj (.text:copysign)
                  00003434    00000018                                   : sprintf.c.obj (.text:_outs)
                  0000344c    00000016                                   : strchr.c.obj (.text:strchr)
                  00003462    00000014                                   : strlen.c.obj (.text:strlen)
                  00003476    00000012                                   : wcslen.c.obj (.text:wcslen)
                  00003488    00000010     clock.obj (.text)
                  00003498    0000000e     rtsv7M4_T_le_v4SPD16_eabi.lib : copy_decompress_none.c.obj (.text:decompress:none:__TI_decompress_none)
                  000034a6    0000000c     tm4c123gh6pm_startup_ccs.obj (.text)
                  000034b2    0000000a     rtsv7M4_T_le_v4SPD16_eabi.lib : sprintf.c.obj (.text:_outc)
                  000034bc    00000008                                   : errno.c.obj (.text:__aeabi_errno_addr)
                  000034c4    00000004                                   : pre_init.c.obj (.text:_system_pre_init)
                  000034c8    00000004                                   : exit.c.obj (.text:abort:abort)

.const     0    000034cc    00000101     
                  000034cc    00000101     rtsv7M4_T_le_v4SPD16_eabi.lib : ctype.c.obj (.const:.string:_ctypes_)

.cinit     0    000035d0    00000018     
                  000035d0    00000008     (__TI_handler_table)
                  000035d8    00000007     (.cinit..data.load) [load image, compression = lzss]
                  000035df    00000001     --HOLE-- [fill = 0]
                  000035e0    00000008     (__TI_cinit_table)

.init_array 
*          0    00000000    00000000     UNINITIALIZED

.data      0    20001000    00000004     UNINITIALIZED
                  20001000    00000004     rtsv7M4_T_le_v4SPD16_eabi.lib : errno.c.obj (.data)

.stack     0    20000000    00001000     UNINITIALIZED
                  20000000    00000004     rtsv7M4_T_le_v4SPD16_eabi.lib : boot_cortex_m.c.obj (.stack)
                  20000004    00000ffc     --HOLE--

__llvm_prf_cnts 
*          0    20000000    00000000     UNINITIALIZED

MODULE SUMMARY

       Module                         code    ro data   rw data
       ------                         ----    -------   -------
    ./
       gpio.obj                       1984    0         0      
       uart0.obj                      1436    0         0      
       measurements.obj               1132    0         0      
       tm4c123gh6pm_startup_ccs.obj   12      620       0      
       main.obj                       608     0         0      
       wait.obj                       36      0         0      
       clock.obj                      16      0         0      
    +--+------------------------------+-------+---------+---------+
       Total:                         5224    620       0      
                                                               
    /Applications/ti/ccs1010/ccs/tools/compiler/ti-cgt-arm_20.2.1.LTS/lib/rtsv7M4_T_le_v4SPD16_eabi.lib
       _printfi.c.obj                 4851    0         0      
       fd_add_t2.asm.obj              438     0         0      
       fd_div_t2.asm.obj              310     0         0      
       s_scalbn.c.obj                 272     0         0      
       fd_cmp_t2.asm.obj              268     0         0      
       ctype.c.obj                    0       257       0      
       fd_mul_t2.asm.obj              252     0         0      
       memcpy_t2.asm.obj              156     0         0      
       ull_div_t2.asm.obj             150     0         0      
       memset_t2.asm.obj              122     0         0      
       copy_decompress_lzss.c.obj     104     0         0      
       s_frexp.c.obj                  100     0         0      
       sprintf.c.obj                  98      0         0      
       _ltoa.c.obj                    84      0         0      
       atoi.c.obj                     76      0         0      
       fd_toi_t2.asm.obj              72      0         0      
       autoinit.c.obj                 68      0         0      
       boot_cortex_m.c.obj            52      0         0      
       i_tofd_t2.asm.obj              46      0         0      
       memccpy.c.obj                  28      0         0      
       s_copysign.c.obj               26      0         0      
       strchr.c.obj                   22      0         0      
       strlen.c.obj                   20      0         0      
       wcslen.c.obj                   18      0         0      
       copy_decompress_none.c.obj     14      0         0      
       errno.c.obj                    8       0         4      
       exit.c.obj                     4       0         0      
       pre_init.c.obj                 4       0         0      
       div0.asm.obj                   2       0         0      
    +--+------------------------------+-------+---------+---------+
       Total:                         7665    257       4      
                                                               
       Stack:                         0       0         4096   
       Linker Generated:              0       23        0      
    +--+------------------------------+-------+---------+---------+
       Grand Total:                   12889   900       4100   


LINKER GENERATED COPY TABLES

__TI_cinit_table @ 000035e0 records: 1, size/record: 8, table size: 8
	.data: load addr=000035d8, load size=00000007 bytes, run addr=20001000, run size=00000004 bytes, compression=lzss


LINKER GENERATED HANDLER TABLE

__TI_handler_table @ 000035d0 records: 2, size/record: 4, table size: 8
	index: 0, handler: __TI_decompress_lzss
	index: 1, handler: __TI_decompress_none


GLOBAL SYMBOLS: SORTED ALPHABETICALLY BY Name 

address   name                          
-------   ----                          
0000196d  ATOI                          
000034c9  C$$EXIT                       
000034a7  ResetISR                      
20001000  __STACK_END                   
00001000  __STACK_SIZE                  
20000200  __STACK_TOP                   
000035e0  __TI_CINIT_Base               
000035e8  __TI_CINIT_Limit              
000035d0  __TI_Handler_Table_Base       
000035d8  __TI_Handler_Table_Limit      
000032b5  __TI_auto_init_nobinit_nopinit
00003059  __TI_decompress_lzss          
00003499  __TI_decompress_none          
0000317b  __TI_ltoa                     
ffffffff  __TI_pprof_out_hndl           
0000026d  __TI_printfi                  
ffffffff  __TI_prof_data_size           
ffffffff  __TI_prof_data_start          
00000000  __TI_static_base__            
00002e65  __aeabi_cdcmpeq               
00002e65  __aeabi_cdcmple               
00002eeb  __aeabi_cdrcmple              
0000326d  __aeabi_d2iz                  
0000252f  __aeabi_dadd                  
00002819  __aeabi_ddiv                  
00002b85  __aeabi_dmul                  
00002525  __aeabi_dsub                  
000034bd  __aeabi_errno_addr            
000033ad  __aeabi_i2d                   
00000cbb  __aeabi_idiv0                 
00000cbb  __aeabi_ldiv0                 
00002f71  __aeabi_memclr                
00002f71  __aeabi_memclr4               
00002f71  __aeabi_memclr8               
00002d33  __aeabi_memcpy                
00002d33  __aeabi_memcpy4               
00002d33  __aeabi_memcpy8               
00002f73  __aeabi_memset                
00002f73  __aeabi_memset4               
00002f73  __aeabi_memset8               
00002dcf  __aeabi_uldivmod              
ffffffff  __binit__                     
ffffffff  __c_args__                    
UNDEFED   __mpu_init                    
20000000  __stack                       
20000000  __start___llvm_prf_cnts       
20000000  __stop___llvm_prf_cnts        
00003379  _c_int00_noargs               
000034cc  _ctypes_                      
UNDEFED   _system_post_cinit            
000034c5  _system_pre_init              
000034c9  abort                         
00003221  atoi                          
ffffffff  binit                         
0000341b  copysign                      
0000341b  copysignl                     
000012ed  disablePinInterrupt           
00001025  disablePinPulldown            
00000fdd  disablePinPullup              
00001b53  disablePins                   
00000d79  disablePort                   
000012c9  enablePinInterrupt            
00001001  enablePinPulldown             
00000faf  enablePinPullup               
00000cbd  enablePort                    
20001000  errno                         
000030c1  frexp                         
000030c1  frexpl                        
00000000  g_pfnVectors                  
00001815  getFieldInteger               
00001785  getFieldString                
00001337  getPinValue                   
000013ed  getPortValue                  
00001579  getcUart0                     
0000158d  getsUart0                     
000020f5  initHw                        
00001a19  initMeasure                   
00003489  initSystemClockTo40Mhz        
0000147d  initUart0                     
0000187b  isCommand                     
00001953  kbhitUart0                    
00002a75  ldexp                         
00002a75  ldexpl                        
000020fd  main                          
00001add  measureResistance             
000033ff  memccpy                       
00002d33  memcpy                        
00002f79  memset                        
000018a7  myCompare                     
00001613  parseFields                   
00001531  putcUart0                     
0000154d  putsUart0                     
00001b9d  reIniciar                     
00002a75  scalbn                        
00002a75  scalbnl                       
00000ee3  selectPinAnalogInput          
00000e95  selectPinDigitalInput         
000011ff  selectPinInterruptBothEdges   
000011af  selectPinInterruptFallingEdge 
00001255  selectPinInterruptHighLevel   
0000128f  selectPinInterruptLowLevel    
0000115f  selectPinInterruptRisingEdge  
00000e47  selectPinOpenDrainOutput      
00000df9  selectPinPushPullOutput       
0000104d  setPinAuxFunction             
00000f33  setPinCommitControl           
00001311  setPinValue                   
00001369  setPortValue                  
00001505  setUart0BaudRate              
000032f9  sprintf                       
0000344d  strchr                        
000018f7  stringCompare                 
00003463  strlen                        
00001bb5  testBoard                     
000033db  waitMicrosecond               
00003477  wcslen                        


GLOBAL SYMBOLS: SORTED BY Symbol Address 

address   name                          
-------   ----                          
00000000  __TI_static_base__            
00000000  g_pfnVectors                  
0000026d  __TI_printfi                  
00000cbb  __aeabi_idiv0                 
00000cbb  __aeabi_ldiv0                 
00000cbd  enablePort                    
00000d79  disablePort                   
00000df9  selectPinPushPullOutput       
00000e47  selectPinOpenDrainOutput      
00000e95  selectPinDigitalInput         
00000ee3  selectPinAnalogInput          
00000f33  setPinCommitControl           
00000faf  enablePinPullup               
00000fdd  disablePinPullup              
00001000  __STACK_SIZE                  
00001001  enablePinPulldown             
00001025  disablePinPulldown            
0000104d  setPinAuxFunction             
0000115f  selectPinInterruptRisingEdge  
000011af  selectPinInterruptFallingEdge 
000011ff  selectPinInterruptBothEdges   
00001255  selectPinInterruptHighLevel   
0000128f  selectPinInterruptLowLevel    
000012c9  enablePinInterrupt            
000012ed  disablePinInterrupt           
00001311  setPinValue                   
00001337  getPinValue                   
00001369  setPortValue                  
000013ed  getPortValue                  
0000147d  initUart0                     
00001505  setUart0BaudRate              
00001531  putcUart0                     
0000154d  putsUart0                     
00001579  getcUart0                     
0000158d  getsUart0                     
00001613  parseFields                   
00001785  getFieldString                
00001815  getFieldInteger               
0000187b  isCommand                     
000018a7  myCompare                     
000018f7  stringCompare                 
00001953  kbhitUart0                    
0000196d  ATOI                          
00001a19  initMeasure                   
00001add  measureResistance             
00001b53  disablePins                   
00001b9d  reIniciar                     
00001bb5  testBoard                     
000020f5  initHw                        
000020fd  main                          
00002525  __aeabi_dsub                  
0000252f  __aeabi_dadd                  
00002819  __aeabi_ddiv                  
00002a75  ldexp                         
00002a75  ldexpl                        
00002a75  scalbn                        
00002a75  scalbnl                       
00002b85  __aeabi_dmul                  
00002d33  __aeabi_memcpy                
00002d33  __aeabi_memcpy4               
00002d33  __aeabi_memcpy8               
00002d33  memcpy                        
00002dcf  __aeabi_uldivmod              
00002e65  __aeabi_cdcmpeq               
00002e65  __aeabi_cdcmple               
00002eeb  __aeabi_cdrcmple              
00002f71  __aeabi_memclr                
00002f71  __aeabi_memclr4               
00002f71  __aeabi_memclr8               
00002f73  __aeabi_memset                
00002f73  __aeabi_memset4               
00002f73  __aeabi_memset8               
00002f79  memset                        
00003059  __TI_decompress_lzss          
000030c1  frexp                         
000030c1  frexpl                        
0000317b  __TI_ltoa                     
00003221  atoi                          
0000326d  __aeabi_d2iz                  
000032b5  __TI_auto_init_nobinit_nopinit
000032f9  sprintf                       
00003379  _c_int00_noargs               
000033ad  __aeabi_i2d                   
000033db  waitMicrosecond               
000033ff  memccpy                       
0000341b  copysign                      
0000341b  copysignl                     
0000344d  strchr                        
00003463  strlen                        
00003477  wcslen                        
00003489  initSystemClockTo40Mhz        
00003499  __TI_decompress_none          
000034a7  ResetISR                      
000034bd  __aeabi_errno_addr            
000034c5  _system_pre_init              
000034c9  C$$EXIT                       
000034c9  abort                         
000034cc  _ctypes_                      
000035d0  __TI_Handler_Table_Base       
000035d8  __TI_Handler_Table_Limit      
000035e0  __TI_CINIT_Base               
000035e8  __TI_CINIT_Limit              
20000000  __stack                       
20000000  __start___llvm_prf_cnts       
20000000  __stop___llvm_prf_cnts        
20000200  __STACK_TOP                   
20001000  __STACK_END                   
20001000  errno                         
ffffffff  __TI_pprof_out_hndl           
ffffffff  __TI_prof_data_size           
ffffffff  __TI_prof_data_start          
ffffffff  __binit__                     
ffffffff  __c_args__                    
ffffffff  binit                         
UNDEFED   __mpu_init                    
UNDEFED   _system_post_cinit            

[116 symbols]
