******************************************************************************
                  TI ARM Linker Unix v20.2.1                   
******************************************************************************
>> Linked Fri Mar 26 18:01:01 2021

OUTPUT FILE NAME:   <Embedded2Project.out>
ENTRY POINT SYMBOL: "_c_int00_noargs"  address: 000037c9


MEMORY CONFIGURATION

         name            origin    length      used     unused   attr    fill
----------------------  --------  ---------  --------  --------  ----  --------
  FLASH                 00000000   00040000  00003a55  0003c5ab  R  X
  SRAM                  20000000   00008000  00001004  00006ffc  RW X


SEGMENT ALLOCATION MAP

run origin  load origin   length   init length attrs members
----------  ----------- ---------- ----------- ----- -------
00000000    00000000    00003a58   00003a58    r-x
  00000000    00000000    0000026c   0000026c    r-- .intvecs
  0000026c    0000026c    000036d0   000036d0    r-x .text
  0000393c    0000393c    00000101   00000101    r-- .const
  00003a40    00003a40    00000018   00000018    r-- .cinit
20000000    20000000    00001004   00000000    rw-
  20000000    20000000    00001000   00000000    rw- .stack
  20001000    20001000    00000004   00000000    rw- .data


SECTION ALLOCATION MAP

 output                                  attributes/
section   page    origin      length       input sections
--------  ----  ----------  ----------   ----------------
.intvecs   0    00000000    0000026c     
                  00000000    0000026c     tm4c123gh6pm_startup_ccs.obj (.intvecs)

.text      0    0000026c    000036d0     
                  0000026c    00000a4e     rtsv7M4_T_le_v4SPD16_eabi.lib : _printfi.c.obj (.text:__TI_printfi)
                  00000cba    00000002                                   : div0.asm.obj (.text)
                  00000cbc    000007c0     gpio.obj (.text)
                  0000147c    000005a4     main.obj (.text)
                  00001a20    0000059c     uart0.obj (.text)
                  00001fbc    00000534     measurements.obj (.text)
                  000024f0    00000270     rtsv7M4_T_le_v4SPD16_eabi.lib : _printfi.c.obj (.text:_pconv_a)
                  00002760    000001d0                                   : _printfi.c.obj (.text:_pconv_g)
                  00002930    000001b6                                   : fd_add_t2.asm.obj (.text)
                  00002ae6    00000002     --HOLE-- [fill = 0]
                  00002ae8    0000013c                                   : _printfi.c.obj (.text:_pconv_e)
                  00002c24    00000136                                   : fd_div_t2.asm.obj (.text)
                  00002d5a    00000002     --HOLE-- [fill = 0]
                  00002d5c    00000124                                   : _printfi.c.obj (.text:fcvt)
                  00002e80    00000110                                   : s_scalbn.c.obj (.text:scalbn)
                  00002f90    000000fc                                   : fd_mul_t2.asm.obj (.text)
                  0000308c    000000b1                                   : _printfi.c.obj (.text:_ltostr)
                  0000313d    00000001     --HOLE-- [fill = 0]
                  0000313e    0000009c                                   : memcpy_t2.asm.obj (.text)
                  000031da    00000096                                   : ull_div_t2.asm.obj (.text)
                  00003270    00000086                                   : fd_cmp_t2.asm.obj (.text:__aeabi_cdcmple)
                  000032f6    00000086                                   : fd_cmp_t2.asm.obj (.text:__aeabi_cdrcmple)
                  0000337c    0000007a                                   : memset_t2.asm.obj (.text)
                  000033f6    0000006e                                   : _printfi.c.obj (.text:_mcpy)
                  00003464    00000068                                   : copy_decompress_lzss.c.obj (.text:decompress:lzss:__TI_decompress_lzss)
                  000034cc    00000064                                   : s_frexp.c.obj (.text:frexp)
                  00003530    00000056                                   : _printfi.c.obj (.text:_pconv_f)
                  00003586    00000054                                   : _ltoa.c.obj (.text:__TI_ltoa)
                  000035da    00000052                                   : _printfi.c.obj (.text:_ecpy)
                  0000362c    0000004c                                   : atoi.c.obj (.text:atoi)
                  00003678    00000048                                   : fd_toi_t2.asm.obj (.text)
                  000036c0    00000044                                   : autoinit.c.obj (.text:__TI_auto_init_nobinit_nopinit:__TI_auto_init_nobinit_nopinit)
                  00003704    00000044                                   : fd_tou_t2.asm.obj (.text)
                  00003748    00000040                                   : sprintf.c.obj (.text:sprintf)
                  00003788    0000003e                                   : _printfi.c.obj (.text:_fcpy)
                  000037c6    00000002     --HOLE-- [fill = 0]
                  000037c8    00000034                                   : boot_cortex_m.c.obj (.text:_c_int00_noargs:_c_int00_noargs)
                  000037fc    0000002e                                   : i_tofd_t2.asm.obj (.text)
                  0000382a    00000024     wait.obj (.text)
                  0000384e    00000020     rtsv7M4_T_le_v4SPD16_eabi.lib : u_tofd_t2.asm.obj (.text)
                  0000386e    0000001c                                   : memccpy.c.obj (.text:memccpy)
                  0000388a    0000001a                                   : s_copysign.c.obj (.text:copysign)
                  000038a4    00000018                                   : sprintf.c.obj (.text:_outs)
                  000038bc    00000016                                   : strchr.c.obj (.text:strchr)
                  000038d2    00000014                                   : strlen.c.obj (.text:strlen)
                  000038e6    00000012                                   : wcslen.c.obj (.text:wcslen)
                  000038f8    00000010     clock.obj (.text)
                  00003908    0000000e     rtsv7M4_T_le_v4SPD16_eabi.lib : copy_decompress_none.c.obj (.text:decompress:none:__TI_decompress_none)
                  00003916    0000000c     tm4c123gh6pm_startup_ccs.obj (.text)
                  00003922    0000000a     rtsv7M4_T_le_v4SPD16_eabi.lib : sprintf.c.obj (.text:_outc)
                  0000392c    00000008                                   : errno.c.obj (.text:__aeabi_errno_addr)
                  00003934    00000004                                   : pre_init.c.obj (.text:_system_pre_init)
                  00003938    00000004                                   : exit.c.obj (.text:abort:abort)

.const     0    0000393c    00000101     
                  0000393c    00000101     rtsv7M4_T_le_v4SPD16_eabi.lib : ctype.c.obj (.const:.string:_ctypes_)

.cinit     0    00003a40    00000018     
                  00003a40    00000008     (__TI_handler_table)
                  00003a48    00000007     (.cinit..data.load) [load image, compression = lzss]
                  00003a4f    00000001     --HOLE-- [fill = 0]
                  00003a50    00000008     (__TI_cinit_table)

.init_array 
*          0    00000000    00000000     UNINITIALIZED

.data      0    20001000    00000004     UNINITIALIZED
                  20001000    00000004     rtsv7M4_T_le_v4SPD16_eabi.lib : errno.c.obj (.data)

.stack     0    20000000    00001000     UNINITIALIZED
                  20000000    00000004     rtsv7M4_T_le_v4SPD16_eabi.lib : boot_cortex_m.c.obj (.stack)
                  20000004    00000ffc     --HOLE--

__llvm_prf_cnts 
*          0    20000000    00000000     UNINITIALIZED

MODULE SUMMARY

       Module                         code    ro data   rw data
       ------                         ----    -------   -------
    ./
       gpio.obj                       1984    0         0      
       main.obj                       1444    0         0      
       uart0.obj                      1436    0         0      
       measurements.obj               1332    0         0      
       tm4c123gh6pm_startup_ccs.obj   12      620       0      
       wait.obj                       36      0         0      
       clock.obj                      16      0         0      
    +--+------------------------------+-------+---------+---------+
       Total:                         6260    620       0      
                                                               
    /Applications/ti/ccs1010/ccs/tools/compiler/ti-cgt-arm_20.2.1.LTS/lib/rtsv7M4_T_le_v4SPD16_eabi.lib
       _printfi.c.obj                 4851    0         0      
       fd_add_t2.asm.obj              438     0         0      
       fd_div_t2.asm.obj              310     0         0      
       s_scalbn.c.obj                 272     0         0      
       fd_cmp_t2.asm.obj              268     0         0      
       ctype.c.obj                    0       257       0      
       fd_mul_t2.asm.obj              252     0         0      
       memcpy_t2.asm.obj              156     0         0      
       ull_div_t2.asm.obj             150     0         0      
       memset_t2.asm.obj              122     0         0      
       copy_decompress_lzss.c.obj     104     0         0      
       s_frexp.c.obj                  100     0         0      
       sprintf.c.obj                  98      0         0      
       _ltoa.c.obj                    84      0         0      
       atoi.c.obj                     76      0         0      
       fd_toi_t2.asm.obj              72      0         0      
       autoinit.c.obj                 68      0         0      
       fd_tou_t2.asm.obj              68      0         0      
       boot_cortex_m.c.obj            52      0         0      
       i_tofd_t2.asm.obj              46      0         0      
       u_tofd_t2.asm.obj              32      0         0      
       memccpy.c.obj                  28      0         0      
       s_copysign.c.obj               26      0         0      
       strchr.c.obj                   22      0         0      
       strlen.c.obj                   20      0         0      
       wcslen.c.obj                   18      0         0      
       copy_decompress_none.c.obj     14      0         0      
       errno.c.obj                    8       0         4      
       exit.c.obj                     4       0         0      
       pre_init.c.obj                 4       0         0      
       div0.asm.obj                   2       0         0      
    +--+------------------------------+-------+---------+---------+
       Total:                         7765    257       4      
                                                               
       Stack:                         0       0         4096   
       Linker Generated:              0       23        0      
    +--+------------------------------+-------+---------+---------+
       Grand Total:                   14025   900       4100   


LINKER GENERATED COPY TABLES

__TI_cinit_table @ 00003a50 records: 1, size/record: 8, table size: 8
	.data: load addr=00003a48, load size=00000007 bytes, run addr=20001000, run size=00000004 bytes, compression=lzss


LINKER GENERATED HANDLER TABLE

__TI_handler_table @ 00003a40 records: 2, size/record: 4, table size: 8
	index: 0, handler: __TI_decompress_lzss
	index: 1, handler: __TI_decompress_none


GLOBAL SYMBOLS: SORTED ALPHABETICALLY BY Name 

address   name                          
-------   ----                          
00001f11  ATOI                          
00003939  C$$EXIT                       
00003917  ResetISR                      
20001000  __STACK_END                   
00001000  __STACK_SIZE                  
20000200  __STACK_TOP                   
00003a50  __TI_CINIT_Base               
00003a58  __TI_CINIT_Limit              
00003a40  __TI_Handler_Table_Base       
00003a48  __TI_Handler_Table_Limit      
000036c1  __TI_auto_init_nobinit_nopinit
00003465  __TI_decompress_lzss          
00003909  __TI_decompress_none          
00003587  __TI_ltoa                     
ffffffff  __TI_pprof_out_hndl           
0000026d  __TI_printfi                  
ffffffff  __TI_prof_data_size           
ffffffff  __TI_prof_data_start          
00000000  __TI_static_base__            
00003271  __aeabi_cdcmpeq               
00003271  __aeabi_cdcmple               
000032f7  __aeabi_cdrcmple              
00003679  __aeabi_d2iz                  
00003705  __aeabi_d2uiz                 
0000293b  __aeabi_dadd                  
00002c25  __aeabi_ddiv                  
00002f91  __aeabi_dmul                  
00002931  __aeabi_dsub                  
0000392d  __aeabi_errno_addr            
000037fd  __aeabi_i2d                   
00000cbb  __aeabi_idiv0                 
00000cbb  __aeabi_ldiv0                 
0000337d  __aeabi_memclr                
0000337d  __aeabi_memclr4               
0000337d  __aeabi_memclr8               
0000313f  __aeabi_memcpy                
0000313f  __aeabi_memcpy4               
0000313f  __aeabi_memcpy8               
0000337f  __aeabi_memset                
0000337f  __aeabi_memset4               
0000337f  __aeabi_memset8               
0000384f  __aeabi_ui2d                  
000031db  __aeabi_uldivmod              
ffffffff  __binit__                     
ffffffff  __c_args__                    
UNDEFED   __mpu_init                    
20000000  __stack                       
20000000  __start___llvm_prf_cnts       
20000000  __stop___llvm_prf_cnts        
000037c9  _c_int00_noargs               
0000393c  _ctypes_                      
UNDEFED   _system_post_cinit            
00003935  _system_pre_init              
00003939  abort                         
0000362d  atoi                          
ffffffff  binit                         
0000388b  copysign                      
0000388b  copysignl                     
000012ed  disablePinInterrupt           
00001025  disablePinPulldown            
00000fdd  disablePinPullup              
0000219d  disablePins                   
00000d79  disablePort                   
000012c9  enablePinInterrupt            
00001001  enablePinPulldown             
00000faf  enablePinPullup               
00000cbd  enablePort                    
20001000  errno                         
000034cd  frexp                         
000034cd  frexpl                        
00000000  g_pfnVectors                  
00001db9  getFieldInteger               
00001d29  getFieldString                
00001337  getPinValue                   
000013ed  getPortValue                  
00001b1d  getcUart0                     
00001b31  getsUart0                     
00001661  help                          
00001659  initHw                        
00001fbd  initMeasure                   
000038f9  initSystemClockTo40Mhz        
00001a21  initUart0                     
00001e1f  isCommand                     
00001ef7  kbhitUart0                    
00002e81  ldexp                         
00002e81  ldexpl                        
0000147d  main                          
00002193  measureAuto                   
000020f7  measureCapacitance            
00002189  measureEsr                    
0000217d  measureInductance             
00002081  measureResistance             
0000386f  memccpy                       
0000313f  memcpy                        
00003385  memset                        
00001e4b  myCompare                     
00001bb7  parseFields                   
00001ad5  putcUart0                     
00001af1  putsUart0                     
000021e7  reIniciar                     
00002e81  scalbn                        
00002e81  scalbnl                       
00000ee3  selectPinAnalogInput          
00000e95  selectPinDigitalInput         
000011ff  selectPinInterruptBothEdges   
000011af  selectPinInterruptFallingEdge 
00001255  selectPinInterruptHighLevel   
0000128f  selectPinInterruptLowLevel    
0000115f  selectPinInterruptRisingEdge  
00000e47  selectPinOpenDrainOutput      
00000df9  selectPinPushPullOutput       
0000104d  setPinAuxFunction             
00000f33  setPinCommitControl           
00001311  setPinValue                   
00001369  setPortValue                  
00001aa9  setUart0BaudRate              
00003749  sprintf                       
000038bd  strchr                        
00001e9b  stringCompare                 
000038d3  strlen                        
00002229  testBoard                     
0000382b  waitMicrosecond               
000038e7  wcslen                        


GLOBAL SYMBOLS: SORTED BY Symbol Address 

address   name                          
-------   ----                          
00000000  __TI_static_base__            
00000000  g_pfnVectors                  
0000026d  __TI_printfi                  
00000cbb  __aeabi_idiv0                 
00000cbb  __aeabi_ldiv0                 
00000cbd  enablePort                    
00000d79  disablePort                   
00000df9  selectPinPushPullOutput       
00000e47  selectPinOpenDrainOutput      
00000e95  selectPinDigitalInput         
00000ee3  selectPinAnalogInput          
00000f33  setPinCommitControl           
00000faf  enablePinPullup               
00000fdd  disablePinPullup              
00001000  __STACK_SIZE                  
00001001  enablePinPulldown             
00001025  disablePinPulldown            
0000104d  setPinAuxFunction             
0000115f  selectPinInterruptRisingEdge  
000011af  selectPinInterruptFallingEdge 
000011ff  selectPinInterruptBothEdges   
00001255  selectPinInterruptHighLevel   
0000128f  selectPinInterruptLowLevel    
000012c9  enablePinInterrupt            
000012ed  disablePinInterrupt           
00001311  setPinValue                   
00001337  getPinValue                   
00001369  setPortValue                  
000013ed  getPortValue                  
0000147d  main                          
00001659  initHw                        
00001661  help                          
00001a21  initUart0                     
00001aa9  setUart0BaudRate              
00001ad5  putcUart0                     
00001af1  putsUart0                     
00001b1d  getcUart0                     
00001b31  getsUart0                     
00001bb7  parseFields                   
00001d29  getFieldString                
00001db9  getFieldInteger               
00001e1f  isCommand                     
00001e4b  myCompare                     
00001e9b  stringCompare                 
00001ef7  kbhitUart0                    
00001f11  ATOI                          
00001fbd  initMeasure                   
00002081  measureResistance             
000020f7  measureCapacitance            
0000217d  measureInductance             
00002189  measureEsr                    
00002193  measureAuto                   
0000219d  disablePins                   
000021e7  reIniciar                     
00002229  testBoard                     
00002931  __aeabi_dsub                  
0000293b  __aeabi_dadd                  
00002c25  __aeabi_ddiv                  
00002e81  ldexp                         
00002e81  ldexpl                        
00002e81  scalbn                        
00002e81  scalbnl                       
00002f91  __aeabi_dmul                  
0000313f  __aeabi_memcpy                
0000313f  __aeabi_memcpy4               
0000313f  __aeabi_memcpy8               
0000313f  memcpy                        
000031db  __aeabi_uldivmod              
00003271  __aeabi_cdcmpeq               
00003271  __aeabi_cdcmple               
000032f7  __aeabi_cdrcmple              
0000337d  __aeabi_memclr                
0000337d  __aeabi_memclr4               
0000337d  __aeabi_memclr8               
0000337f  __aeabi_memset                
0000337f  __aeabi_memset4               
0000337f  __aeabi_memset8               
00003385  memset                        
00003465  __TI_decompress_lzss          
000034cd  frexp                         
000034cd  frexpl                        
00003587  __TI_ltoa                     
0000362d  atoi                          
00003679  __aeabi_d2iz                  
000036c1  __TI_auto_init_nobinit_nopinit
00003705  __aeabi_d2uiz                 
00003749  sprintf                       
000037c9  _c_int00_noargs               
000037fd  __aeabi_i2d                   
0000382b  waitMicrosecond               
0000384f  __aeabi_ui2d                  
0000386f  memccpy                       
0000388b  copysign                      
0000388b  copysignl                     
000038bd  strchr                        
000038d3  strlen                        
000038e7  wcslen                        
000038f9  initSystemClockTo40Mhz        
00003909  __TI_decompress_none          
00003917  ResetISR                      
0000392d  __aeabi_errno_addr            
00003935  _system_pre_init              
00003939  C$$EXIT                       
00003939  abort                         
0000393c  _ctypes_                      
00003a40  __TI_Handler_Table_Base       
00003a48  __TI_Handler_Table_Limit      
00003a50  __TI_CINIT_Base               
00003a58  __TI_CINIT_Limit              
20000000  __stack                       
20000000  __start___llvm_prf_cnts       
20000000  __stop___llvm_prf_cnts        
20000200  __STACK_TOP                   
20001000  __STACK_END                   
20001000  errno                         
ffffffff  __TI_pprof_out_hndl           
ffffffff  __TI_prof_data_size           
ffffffff  __TI_prof_data_start          
ffffffff  __binit__                     
ffffffff  __c_args__                    
ffffffff  binit                         
UNDEFED   __mpu_init                    
UNDEFED   _system_post_cinit            

[123 symbols]
