******************************************************************************
                  TI ARM Linker Unix v20.2.1                   
******************************************************************************
>> Linked Mon May  3 16:52:10 2021

OUTPUT FILE NAME:   <Embedded2Project.out>
ENTRY POINT SYMBOL: "_c_int00_noargs"  address: 00004259


MEMORY CONFIGURATION

         name            origin    length      used     unused   attr    fill
----------------------  --------  ---------  --------  --------  ----  --------
  FLASH                 00000000   00040000  000044e5  0003bb1b  R  X
  SRAM                  20000000   00008000  00001004  00006ffc  RW X


SEGMENT ALLOCATION MAP

run origin  load origin   length   init length attrs members
----------  ----------- ---------- ----------- ----- -------
00000000    00000000    000044e8   000044e8    r-x
  00000000    00000000    0000026c   0000026c    r-- .intvecs
  0000026c    0000026c    00004160   00004160    r-x .text
  000043cc    000043cc    00000101   00000101    r-- .const
  000044d0    000044d0    00000018   00000018    r-- .cinit
20000000    20000000    00001004   00000000    rw-
  20000000    20000000    00001000   00000000    rw- .stack
  20001000    20001000    00000004   00000000    rw- .data


SECTION ALLOCATION MAP

 output                                  attributes/
section   page    origin      length       input sections
--------  ----  ----------  ----------   ----------------
.intvecs   0    00000000    0000026c     
                  00000000    0000026c     tm4c123gh6pm_startup_ccs.obj (.intvecs)

.text      0    0000026c    00004160     
                  0000026c    00000a4e     rtsv7M4_T_le_v4SPD16_eabi.lib : _printfi.c.obj (.text:__TI_printfi)
                  00000cba    00000002                                   : div0.asm.obj (.text)
                  00000cbc    00000984     measurements.obj (.text)
                  00001640    000007c0     gpio.obj (.text)
                  00001e00    00000778     main.obj (.text)
                  00002578    0000059c     uart0.obj (.text)
                  00002b14    000003c4     rtsv7M4_T_le_v4SPD16_eabi.lib : e_log.c.obj (.text:log)
                  00002ed8    00000270                                   : _printfi.c.obj (.text:_pconv_a)
                  00003148    000001d0                                   : _printfi.c.obj (.text:_pconv_g)
                  00003318    000001b6                                   : fd_add_t2.asm.obj (.text)
                  000034ce    00000002     --HOLE-- [fill = 0]
                  000034d0    0000013c                                   : _printfi.c.obj (.text:_pconv_e)
                  0000360c    00000136                                   : fd_div_t2.asm.obj (.text)
                  00003742    00000002     --HOLE-- [fill = 0]
                  00003744    00000124                                   : _printfi.c.obj (.text:fcvt)
                  00003868    00000110                                   : s_scalbn.c.obj (.text:scalbn)
                  00003978    000000fc                                   : fd_mul_t2.asm.obj (.text)
                  00003a74    000000b1                                   : _printfi.c.obj (.text:_ltostr)
                  00003b25    00000001     --HOLE-- [fill = 0]
                  00003b26    0000009c                                   : memcpy_t2.asm.obj (.text)
                  00003bc2    00000096                                   : ull_div_t2.asm.obj (.text)
                  00003c58    00000086                                   : fd_cmp_t2.asm.obj (.text:__aeabi_cdcmple)
                  00003cde    00000086                                   : fd_cmp_t2.asm.obj (.text:__aeabi_cdrcmple)
                  00003d64    0000007a                                   : memset_t2.asm.obj (.text)
                  00003dde    0000006e                                   : _printfi.c.obj (.text:_mcpy)
                  00003e4c    0000006e                                   : fd_tos_t2.asm.obj (.text)
                  00003eba    00000068                                   : copy_decompress_lzss.c.obj (.text:decompress:lzss:__TI_decompress_lzss)
                  00003f22    00000002     --HOLE-- [fill = 0]
                  00003f24    00000064                                   : s_frexp.c.obj (.text:frexp)
                  00003f88    00000056                                   : _printfi.c.obj (.text:_pconv_f)
                  00003fde    00000054                                   : _ltoa.c.obj (.text:__TI_ltoa)
                  00004032    00000052                                   : _printfi.c.obj (.text:_ecpy)
                  00004084    0000004c                                   : atoi.c.obj (.text:atoi)
                  000040d0    00000048                                   : fd_toi_t2.asm.obj (.text)
                  00004118    00000044                                   : autoinit.c.obj (.text:__TI_auto_init_nobinit_nopinit:__TI_auto_init_nobinit_nopinit)
                  0000415c    00000044                                   : fd_tou_t2.asm.obj (.text)
                  000041a0    00000040                                   : sprintf.c.obj (.text:sprintf)
                  000041e0    0000003e                                   : _printfi.c.obj (.text:_fcpy)
                  0000421e    00000038                                   : fs_tod_t2.asm.obj (.text)
                  00004256    00000002     --HOLE-- [fill = 0]
                  00004258    00000034                                   : boot_cortex_m.c.obj (.text:_c_int00_noargs:_c_int00_noargs)
                  0000428c    0000002e                                   : i_tofd_t2.asm.obj (.text)
                  000042ba    00000024     wait.obj (.text)
                  000042de    00000020     rtsv7M4_T_le_v4SPD16_eabi.lib : u_tofd_t2.asm.obj (.text)
                  000042fe    0000001c                                   : memccpy.c.obj (.text:memccpy)
                  0000431a    0000001a                                   : s_copysign.c.obj (.text:copysign)
                  00004334    00000018                                   : sprintf.c.obj (.text:_outs)
                  0000434c    00000016                                   : strchr.c.obj (.text:strchr)
                  00004362    00000014                                   : strlen.c.obj (.text:strlen)
                  00004376    00000012                                   : wcslen.c.obj (.text:wcslen)
                  00004388    00000010     clock.obj (.text)
                  00004398    0000000e     rtsv7M4_T_le_v4SPD16_eabi.lib : copy_decompress_none.c.obj (.text:decompress:none:__TI_decompress_none)
                  000043a6    0000000c     tm4c123gh6pm_startup_ccs.obj (.text)
                  000043b2    0000000a     rtsv7M4_T_le_v4SPD16_eabi.lib : sprintf.c.obj (.text:_outc)
                  000043bc    00000008                                   : errno.c.obj (.text:__aeabi_errno_addr)
                  000043c4    00000004                                   : pre_init.c.obj (.text:_system_pre_init)
                  000043c8    00000004                                   : exit.c.obj (.text:abort:abort)

.const     0    000043cc    00000101     
                  000043cc    00000101     rtsv7M4_T_le_v4SPD16_eabi.lib : ctype.c.obj (.const:.string:_ctypes_)

.cinit     0    000044d0    00000018     
                  000044d0    00000008     (__TI_handler_table)
                  000044d8    00000007     (.cinit..data.load) [load image, compression = lzss]
                  000044df    00000001     --HOLE-- [fill = 0]
                  000044e0    00000008     (__TI_cinit_table)

.init_array 
*          0    00000000    00000000     UNINITIALIZED

.data      0    20001000    00000004     UNINITIALIZED
                  20001000    00000004     rtsv7M4_T_le_v4SPD16_eabi.lib : errno.c.obj (.data)

.stack     0    20000000    00001000     UNINITIALIZED
                  20000000    00000004     rtsv7M4_T_le_v4SPD16_eabi.lib : boot_cortex_m.c.obj (.stack)
                  20000004    00000ffc     --HOLE--

__llvm_prf_cnts 
*          0    20000000    00000000     UNINITIALIZED

MODULE SUMMARY

       Module                         code    ro data   rw data
       ------                         ----    -------   -------
    ./
       measurements.obj               2436    0         0      
       gpio.obj                       1984    0         0      
       main.obj                       1912    0         0      
       uart0.obj                      1436    0         0      
       tm4c123gh6pm_startup_ccs.obj   12      620       0      
       wait.obj                       36      0         0      
       clock.obj                      16      0         0      
    +--+------------------------------+-------+---------+---------+
       Total:                         7832    620       0      
                                                               
    /Applications/ti/ccs1010/ccs/tools/compiler/ti-cgt-arm_20.2.1.LTS/lib/rtsv7M4_T_le_v4SPD16_eabi.lib
       _printfi.c.obj                 4851    0         0      
       e_log.c.obj                    964     0         0      
       fd_add_t2.asm.obj              438     0         0      
       fd_div_t2.asm.obj              310     0         0      
       s_scalbn.c.obj                 272     0         0      
       fd_cmp_t2.asm.obj              268     0         0      
       ctype.c.obj                    0       257       0      
       fd_mul_t2.asm.obj              252     0         0      
       memcpy_t2.asm.obj              156     0         0      
       ull_div_t2.asm.obj             150     0         0      
       memset_t2.asm.obj              122     0         0      
       fd_tos_t2.asm.obj              110     0         0      
       copy_decompress_lzss.c.obj     104     0         0      
       s_frexp.c.obj                  100     0         0      
       sprintf.c.obj                  98      0         0      
       _ltoa.c.obj                    84      0         0      
       atoi.c.obj                     76      0         0      
       fd_toi_t2.asm.obj              72      0         0      
       autoinit.c.obj                 68      0         0      
       fd_tou_t2.asm.obj              68      0         0      
       fs_tod_t2.asm.obj              56      0         0      
       boot_cortex_m.c.obj            52      0         0      
       i_tofd_t2.asm.obj              46      0         0      
       u_tofd_t2.asm.obj              32      0         0      
       memccpy.c.obj                  28      0         0      
       s_copysign.c.obj               26      0         0      
       strchr.c.obj                   22      0         0      
       strlen.c.obj                   20      0         0      
       wcslen.c.obj                   18      0         0      
       copy_decompress_none.c.obj     14      0         0      
       errno.c.obj                    8       0         4      
       exit.c.obj                     4       0         0      
       pre_init.c.obj                 4       0         0      
       div0.asm.obj                   2       0         0      
    +--+------------------------------+-------+---------+---------+
       Total:                         8895    257       4      
                                                               
       Stack:                         0       0         4096   
       Linker Generated:              0       23        0      
    +--+------------------------------+-------+---------+---------+
       Grand Total:                   16727   900       4100   


LINKER GENERATED COPY TABLES

__TI_cinit_table @ 000044e0 records: 1, size/record: 8, table size: 8
	.data: load addr=000044d8, load size=00000007 bytes, run addr=20001000, run size=00000004 bytes, compression=lzss


LINKER GENERATED HANDLER TABLE

__TI_handler_table @ 000044d0 records: 2, size/record: 4, table size: 8
	index: 0, handler: __TI_decompress_lzss
	index: 1, handler: __TI_decompress_none


GLOBAL SYMBOLS: SORTED ALPHABETICALLY BY Name 

address   name                          
-------   ----                          
00002a69  ATOI                          
000043c9  C$$EXIT                       
000043a7  ResetISR                      
20001000  __STACK_END                   
00001000  __STACK_SIZE                  
20000200  __STACK_TOP                   
000044e0  __TI_CINIT_Base               
000044e8  __TI_CINIT_Limit              
000044d0  __TI_Handler_Table_Base       
000044d8  __TI_Handler_Table_Limit      
00004119  __TI_auto_init_nobinit_nopinit
00003ebb  __TI_decompress_lzss          
00004399  __TI_decompress_none          
00003fdf  __TI_ltoa                     
ffffffff  __TI_pprof_out_hndl           
0000026d  __TI_printfi                  
ffffffff  __TI_prof_data_size           
ffffffff  __TI_prof_data_start          
00000000  __TI_static_base__            
00003c59  __aeabi_cdcmpeq               
00003c59  __aeabi_cdcmple               
00003cdf  __aeabi_cdrcmple              
00003e4d  __aeabi_d2f                   
000040d1  __aeabi_d2iz                  
0000415d  __aeabi_d2uiz                 
00003323  __aeabi_dadd                  
0000360d  __aeabi_ddiv                  
00003979  __aeabi_dmul                  
00003319  __aeabi_dsub                  
000043bd  __aeabi_errno_addr            
0000421f  __aeabi_f2d                   
0000428d  __aeabi_i2d                   
00000cbb  __aeabi_idiv0                 
00000cbb  __aeabi_ldiv0                 
00003d65  __aeabi_memclr                
00003d65  __aeabi_memclr4               
00003d65  __aeabi_memclr8               
00003b27  __aeabi_memcpy                
00003b27  __aeabi_memcpy4               
00003b27  __aeabi_memcpy8               
00003d67  __aeabi_memset                
00003d67  __aeabi_memset4               
00003d67  __aeabi_memset8               
000042df  __aeabi_ui2d                  
00003bc3  __aeabi_uldivmod              
ffffffff  __binit__                     
ffffffff  __c_args__                    
UNDEFED   __mpu_init                    
20000000  __stack                       
20000000  __start___llvm_prf_cnts       
20000000  __stop___llvm_prf_cnts        
00004259  _c_int00_noargs               
000043cc  _ctypes_                      
UNDEFED   _system_post_cinit            
000043c5  _system_pre_init              
000043c9  abort                         
00004085  atoi                          
ffffffff  binit                         
0000431b  copysign                      
0000431b  copysignl                     
00001c71  disablePinInterrupt           
000019a9  disablePinPulldown            
00001961  disablePinPullup              
00001245  disablePins                   
000016fd  disablePort                   
00001c4d  enablePinInterrupt            
00001985  enablePinPulldown             
00001933  enablePinPullup               
00001641  enablePort                    
20001000  errno                         
00003f25  frexp                         
00003f25  frexpl                        
00000000  g_pfnVectors                  
00002911  getFieldInteger               
00002881  getFieldString                
000012c9  getFullVoltage                
00001cbb  getPinValue                   
00001d71  getPortValue                  
000010bd  getVoltage                    
00002675  getcUart0                     
00002689  getsUart0                     
000022d7  help                          
000010ef  initAdc                       
0000206d  initHw                        
00000cbd  initMeasure                   
00004389  initSystemClockTo40Mhz        
00002579  initUart0                     
00002977  isCommand                     
00002a4f  kbhitUart0                    
00003869  ldexp                         
00003869  ldexpl                        
00002b15  log                           
00002b15  logl                          
00001e01  main                          
000011b1  measureAuto                   
00000e03  measureCapacitance            
00001045  measureEsr                    
00000eb5  measureInductance             
00000d8b  measureResistance             
000042ff  memccpy                       
00003b27  memcpy                        
00003d6d  memset                        
000029a3  myCompare                     
0000270f  parseFields                   
0000262d  putcUart0                     
00002649  putsUart0                     
000012a1  reIniciar                     
00001161  readAdc                       
00003869  scalbn                        
00003869  scalbnl                       
00001867  selectPinAnalogInput          
00001819  selectPinDigitalInput         
00001b83  selectPinInterruptBothEdges   
00001b33  selectPinInterruptFallingEdge 
00001bd9  selectPinInterruptHighLevel   
00001c13  selectPinInterruptLowLevel    
00001ae3  selectPinInterruptRisingEdge  
000017cb  selectPinOpenDrainOutput      
0000177d  selectPinPushPullOutput       
00001139  setAdcMux                     
000019d1  setPinAuxFunction             
000018b7  setPinCommitControl           
00001c95  setPinValue                   
00001ced  setPortValue                  
00002601  setUart0BaudRate              
000041a1  sprintf                       
0000434d  strchr                        
000029f3  stringCompare                 
00004363  strlen                        
00001351  testBoard                     
000042bb  waitMicrosecond               
00004377  wcslen                        


GLOBAL SYMBOLS: SORTED BY Symbol Address 

address   name                          
-------   ----                          
00000000  __TI_static_base__            
00000000  g_pfnVectors                  
0000026d  __TI_printfi                  
00000cbb  __aeabi_idiv0                 
00000cbb  __aeabi_ldiv0                 
00000cbd  initMeasure                   
00000d8b  measureResistance             
00000e03  measureCapacitance            
00000eb5  measureInductance             
00001000  __STACK_SIZE                  
00001045  measureEsr                    
000010bd  getVoltage                    
000010ef  initAdc                       
00001139  setAdcMux                     
00001161  readAdc                       
000011b1  measureAuto                   
00001245  disablePins                   
000012a1  reIniciar                     
000012c9  getFullVoltage                
00001351  testBoard                     
00001641  enablePort                    
000016fd  disablePort                   
0000177d  selectPinPushPullOutput       
000017cb  selectPinOpenDrainOutput      
00001819  selectPinDigitalInput         
00001867  selectPinAnalogInput          
000018b7  setPinCommitControl           
00001933  enablePinPullup               
00001961  disablePinPullup              
00001985  enablePinPulldown             
000019a9  disablePinPulldown            
000019d1  setPinAuxFunction             
00001ae3  selectPinInterruptRisingEdge  
00001b33  selectPinInterruptFallingEdge 
00001b83  selectPinInterruptBothEdges   
00001bd9  selectPinInterruptHighLevel   
00001c13  selectPinInterruptLowLevel    
00001c4d  enablePinInterrupt            
00001c71  disablePinInterrupt           
00001c95  setPinValue                   
00001cbb  getPinValue                   
00001ced  setPortValue                  
00001d71  getPortValue                  
00001e01  main                          
0000206d  initHw                        
000022d7  help                          
00002579  initUart0                     
00002601  setUart0BaudRate              
0000262d  putcUart0                     
00002649  putsUart0                     
00002675  getcUart0                     
00002689  getsUart0                     
0000270f  parseFields                   
00002881  getFieldString                
00002911  getFieldInteger               
00002977  isCommand                     
000029a3  myCompare                     
000029f3  stringCompare                 
00002a4f  kbhitUart0                    
00002a69  ATOI                          
00002b15  log                           
00002b15  logl                          
00003319  __aeabi_dsub                  
00003323  __aeabi_dadd                  
0000360d  __aeabi_ddiv                  
00003869  ldexp                         
00003869  ldexpl                        
00003869  scalbn                        
00003869  scalbnl                       
00003979  __aeabi_dmul                  
00003b27  __aeabi_memcpy                
00003b27  __aeabi_memcpy4               
00003b27  __aeabi_memcpy8               
00003b27  memcpy                        
00003bc3  __aeabi_uldivmod              
00003c59  __aeabi_cdcmpeq               
00003c59  __aeabi_cdcmple               
00003cdf  __aeabi_cdrcmple              
00003d65  __aeabi_memclr                
00003d65  __aeabi_memclr4               
00003d65  __aeabi_memclr8               
00003d67  __aeabi_memset                
00003d67  __aeabi_memset4               
00003d67  __aeabi_memset8               
00003d6d  memset                        
00003e4d  __aeabi_d2f                   
00003ebb  __TI_decompress_lzss          
00003f25  frexp                         
00003f25  frexpl                        
00003fdf  __TI_ltoa                     
00004085  atoi                          
000040d1  __aeabi_d2iz                  
00004119  __TI_auto_init_nobinit_nopinit
0000415d  __aeabi_d2uiz                 
000041a1  sprintf                       
0000421f  __aeabi_f2d                   
00004259  _c_int00_noargs               
0000428d  __aeabi_i2d                   
000042bb  waitMicrosecond               
000042df  __aeabi_ui2d                  
000042ff  memccpy                       
0000431b  copysign                      
0000431b  copysignl                     
0000434d  strchr                        
00004363  strlen                        
00004377  wcslen                        
00004389  initSystemClockTo40Mhz        
00004399  __TI_decompress_none          
000043a7  ResetISR                      
000043bd  __aeabi_errno_addr            
000043c5  _system_pre_init              
000043c9  C$$EXIT                       
000043c9  abort                         
000043cc  _ctypes_                      
000044d0  __TI_Handler_Table_Base       
000044d8  __TI_Handler_Table_Limit      
000044e0  __TI_CINIT_Base               
000044e8  __TI_CINIT_Limit              
20000000  __stack                       
20000000  __start___llvm_prf_cnts       
20000000  __stop___llvm_prf_cnts        
20000200  __STACK_TOP                   
20001000  __STACK_END                   
20001000  errno                         
ffffffff  __TI_pprof_out_hndl           
ffffffff  __TI_prof_data_size           
ffffffff  __TI_prof_data_start          
ffffffff  __binit__                     
ffffffff  __c_args__                    
ffffffff  binit                         
UNDEFED   __mpu_init                    
UNDEFED   _system_post_cinit            

[132 symbols]
