******************************************************************************
                  TI ARM Linker Unix v20.2.1                   
******************************************************************************
>> Linked Sat Mar 13 19:59:16 2021

OUTPUT FILE NAME:   <getResistance.out>
ENTRY POINT SYMBOL: "_c_int00_noinit_noargs"  address: 00000859


MEMORY CONFIGURATION

         name            origin    length      used     unused   attr    fill
----------------------  --------  ---------  --------  --------  ----  --------
  FLASH                 00000000   00040000  000008a8  0003f758  R  X
  SRAM                  20000000   00008000  00000200  00007e00  RW X


SEGMENT ALLOCATION MAP

run origin  load origin   length   init length attrs members
----------  ----------- ---------- ----------- ----- -------
00000000    00000000    000008a8   000008a8    r-x
  00000000    00000000    0000026c   0000026c    r-- .intvecs
  0000026c    0000026c    0000063c   0000063c    r-x .text
20000000    20000000    00000200   00000000    rw-
  20000000    20000000    00000200   00000000    rw- .stack


SECTION ALLOCATION MAP

 output                                  attributes/
section   page    origin      length       input sections
--------  ----  ----------  ----------   ----------------
.intvecs   0    00000000    0000026c     
                  00000000    0000026c     tm4c123gh6pm_startup_ccs.obj (.intvecs)

.text      0    0000026c    0000063c     
                  0000026c    000004f4     uart0.obj (.text)
                  00000760    000000f8     main.obj (.text)
                  00000858    0000002c     rtsv7M4_T_le_v4SPD16_eabi.lib : boot_cortex_m.c.obj (.text:_c_int00_noinit_noargs:_c_int00_noinit_noargs)
                  00000884    00000010     clock.obj (.text)
                  00000894    0000000c     tm4c123gh6pm_startup_ccs.obj (.text)
                  000008a0    00000004     rtsv7M4_T_le_v4SPD16_eabi.lib : pre_init.c.obj (.text:_system_pre_init)
                  000008a4    00000004                                   : exit.c.obj (.text:abort:abort)

.cinit     0    00000000    00000000     UNINITIALIZED

.init_array 
*          0    00000000    00000000     UNINITIALIZED

.stack     0    20000000    00000200     UNINITIALIZED
                  20000000    00000004     rtsv7M4_T_le_v4SPD16_eabi.lib : boot_cortex_m.c.obj (.stack)
                  20000004    000001fc     --HOLE--

__llvm_prf_cnts 
*          0    20000000    00000000     UNINITIALIZED

MODULE SUMMARY

       Module                         code   ro data   rw data
       ------                         ----   -------   -------
    ./
       uart0.obj                      1268   0         0      
       tm4c123gh6pm_startup_ccs.obj   12     620       0      
       main.obj                       248    0         0      
       clock.obj                      16     0         0      
    +--+------------------------------+------+---------+---------+
       Total:                         1544   620       0      
                                                              
    /Applications/ti/ccs1010/ccs/tools/compiler/ti-cgt-arm_20.2.1.LTS/lib/rtsv7M4_T_le_v4SPD16_eabi.lib
       boot_cortex_m.c.obj            44     0         0      
       exit.c.obj                     4      0         0      
       pre_init.c.obj                 4      0         0      
    +--+------------------------------+------+---------+---------+
       Total:                         52     0         0      
                                                              
       Stack:                         0      0         512    
    +--+------------------------------+------+---------+---------+
       Grand Total:                   1596   620       512    


GLOBAL SYMBOLS: SORTED ALPHABETICALLY BY Name 

address   name                   
-------   ----                   
000008a5  C$$EXIT                
00000895  ResetISR               
20000200  __STACK_END            
00000200  __STACK_SIZE           
20000200  __STACK_TOP            
ffffffff  __TI_pprof_out_hndl    
ffffffff  __TI_prof_data_size    
ffffffff  __TI_prof_data_start   
00000000  __TI_static_base__     
ffffffff  __binit__              
ffffffff  __c_args__             
UNDEFED   __mpu_init             
20000000  __stack                
20000000  __start___llvm_prf_cnts
20000000  __stop___llvm_prf_cnts 
00000859  _c_int00_noinit_noargs 
000008a1  _system_pre_init       
000008a5  abort                  
ffffffff  binit                  
00000000  g_pfnVectors           
00000605  getFieldInteger        
00000575  getFieldString         
00000369  getcUart0              
0000037d  getsUart0              
00000761  initHw                 
00000885  initSystemClockTo40Mhz 
0000026d  initUart0              
0000066b  isCommand              
00000743  kbhitUart0             
00000769  main                   
00000697  myCompare              
00000403  parseFields            
00000321  putcUart0              
0000033d  putsUart0              
000002f5  setUart0BaudRate       
000006e7  stringCompare          


GLOBAL SYMBOLS: SORTED BY Symbol Address 

address   name                   
-------   ----                   
00000000  __TI_static_base__     
00000000  g_pfnVectors           
00000200  __STACK_SIZE           
0000026d  initUart0              
000002f5  setUart0BaudRate       
00000321  putcUart0              
0000033d  putsUart0              
00000369  getcUart0              
0000037d  getsUart0              
00000403  parseFields            
00000575  getFieldString         
00000605  getFieldInteger        
0000066b  isCommand              
00000697  myCompare              
000006e7  stringCompare          
00000743  kbhitUart0             
00000761  initHw                 
00000769  main                   
00000859  _c_int00_noinit_noargs 
00000885  initSystemClockTo40Mhz 
00000895  ResetISR               
000008a1  _system_pre_init       
000008a5  C$$EXIT                
000008a5  abort                  
20000000  __stack                
20000000  __start___llvm_prf_cnts
20000000  __stop___llvm_prf_cnts 
20000200  __STACK_END            
20000200  __STACK_TOP            
ffffffff  __TI_pprof_out_hndl    
ffffffff  __TI_prof_data_size    
ffffffff  __TI_prof_data_start   
ffffffff  __binit__              
ffffffff  __c_args__             
ffffffff  binit                  
UNDEFED   __mpu_init             

[36 symbols]
